[GC (Allocation Failure) [ParNew: 5504K->640K(6144K), 0.0058329 secs] 5504K->1183K(19840K), 0.0059838 secs] [Times: user=0.02 sys=0.00, real=0.00 secs] 
[GC (Allocation Failure) [ParNew: 6144K->640K(6144K), 0.0087239 secs] 6687K->2775K(19840K), 0.0088694 secs] [Times: user=0.02 sys=0.00, real=0.01 secs] 
[GC (Allocation Failure) [ParNew: 6097K->640K(6144K), 0.0125803 secs] 8232K->6152K(19840K), 0.0127239 secs] [Times: user=0.03 sys=0.00, real=0.02 secs] 
[GC (Allocation Failure) [ParNew: 6144K->640K(6144K), 0.0233252 secs] 11656K->9326K(19840K), 0.0236375 secs] [Times: user=0.03 sys=0.01, real=0.03 secs] 
[GC (CMS Initial Mark) [1 CMS-initial-mark: 8686K(13696K)] 9391K(19840K), 0.0038690 secs] [Times: user=0.00 sys=0.00, real=0.00 secs] 
[CMS-concurrent-mark-start]
[CMS-concurrent-mark: 0.012/0.012 secs] [Times: user=0.01 sys=0.00, real=0.02 secs] 
[CMS-concurrent-preclean-start]
[CMS-concurrent-preclean: 0.000/0.000 secs] [Times: user=0.00 sys=0.00, real=0.00 secs] 
[GC (CMS Final Remark) [YG occupancy: 1661 K (6144 K)][Rescan (parallel) , 0.0012170 secs][weak refs processing, 0.0000405 secs][class unloading, 0.0009097 secs][scrub symbol table, 0.0004276 secs][scrub string table, 0.0001644 secs][1 CMS-remark: 8686K(13696K)] 10347K(19840K), 0.0030561 secs] [Times: user=0.01 sys=0.00, real=0.00 secs] 
[CMS-concurrent-sweep-start]
[CMS-concurrent-sweep: 0.005/0.005 secs] [Times: user=0.00 sys=0.00, real=0.00 secs] 
[CMS-concurrent-reset-start]
[CMS-concurrent-reset: 0.000/0.000 secs] [Times: user=0.00 sys=0.00, real=0.00 secs] 
[GC (CMS Initial Mark) [1 CMS-initial-mark: 8624K(13696K)] 10680K(19840K), 0.0019574 secs] [Times: user=0.01 sys=0.00, real=0.00 secs] 
[CMS-concurrent-mark-start]
[CMS-concurrent-mark: 0.013/0.013 secs] [Times: user=0.01 sys=0.00, real=0.01 secs] 
[CMS-concurrent-preclean-start]
[CMS-concurrent-preclean: 0.002/0.002 secs] [Times: user=0.00 sys=0.00, real=0.01 secs] 
[GC (CMS Final Remark) [YG occupancy: 2055 K (6144 K)][Rescan (parallel) , 0.0009814 secs][weak refs processing, 0.0000251 secs][class unloading, 0.0005770 secs][scrub symbol table, 0.0005435 secs][scrub string table, 0.0001860 secs][1 CMS-remark: 8624K(13696K)] 10680K(19840K), 0.0025486 secs] [Times: user=0.01 sys=0.00, real=0.00 secs] 
[CMS-concurrent-sweep-start]
[CMS-concurrent-sweep: 0.006/0.006 secs] [Times: user=0.00 sys=0.00, real=0.01 secs] 
[CMS-concurrent-reset-start]
[CMS-concurrent-reset: 0.000/0.000 secs] [Times: user=0.00 sys=0.00, real=0.00 secs] 
[GC (CMS Initial Mark) [1 CMS-initial-mark: 8623K(13696K)] 11073K(19840K), 0.0019034 secs] [Times: user=0.00 sys=0.00, real=0.00 secs] 
[CMS-concurrent-mark-start]
[CMS-concurrent-mark: 0.012/0.012 secs] [Times: user=0.01 sys=0.00, real=0.01 secs] 
[CMS-concurrent-preclean-start]
[CMS-concurrent-preclean: 0.002/0.002 secs] [Times: user=0.01 sys=0.00, real=0.00 secs] 
[GC (CMS Final Remark) [YG occupancy: 2449 K (6144 K)][Rescan (parallel) , 0.0012519 secs][weak refs processing, 0.0000222 secs][class unloading, 0.0006207 secs][scrub symbol table, 0.0004399 secs][scrub string table, 0.0001484 secs][1 CMS-remark: 8623K(13696K)] 11073K(19840K), 0.0026741 secs] [Times: user=0.00 sys=0.00, real=0.01 secs] 
[CMS-concurrent-sweep-start]
[CMS-concurrent-sweep: 0.005/0.005 secs] [Times: user=0.01 sys=0.00, real=0.00 secs] 
[CMS-concurrent-reset-start]
[CMS-concurrent-reset: 0.000/0.000 secs] [Times: user=0.00 sys=0.00, real=0.00 secs] 
[GC (CMS Initial Mark) [1 CMS-initial-mark: 8623K(13696K)] 11904K(19840K), 0.0031588 secs] [Times: user=0.01 sys=0.00, real=0.00 secs] 
[CMS-concurrent-mark-start]
[CMS-concurrent-mark: 0.013/0.013 secs] [Times: user=0.01 sys=0.00, real=0.02 secs] 
[CMS-concurrent-preclean-start]
[CMS-concurrent-preclean: 0.004/0.004 secs] [Times: user=0.00 sys=0.00, real=0.00 secs] 
[CMS-concurrent-abortable-preclean-start]
 CMS: abort preclean due to time [CMS-concurrent-abortable-preclean: 0.504/5.047 secs] [Times: user=0.78 sys=0.30, real=5.05 secs] 
[GC (CMS Final Remark) [YG occupancy: 4916 K (6144 K)][Rescan (parallel) , 0.0039732 secs][weak refs processing, 0.0000205 secs][class unloading, 0.0015311 secs][scrub symbol table, 0.0010610 secs][scrub string table, 0.0001579 secs][1 CMS-remark: 8623K(13696K)] 13539K(19840K), 0.0070199 secs] [Times: user=0.01 sys=0.00, real=0.01 secs] 
[CMS-concurrent-sweep-start]
[CMS-concurrent-sweep: 0.006/0.006 secs] [Times: user=0.01 sys=0.00, real=0.00 secs] 
[CMS-concurrent-reset-start]
[CMS-concurrent-reset: 0.000/0.000 secs] [Times: user=0.00 sys=0.00, real=0.00 secs] 
[GC (CMS Initial Mark) [1 CMS-initial-mark: 8623K(13696K)] 14417K(19840K), 0.0042077 secs] [Times: user=0.02 sys=0.00, real=0.01 secs] 
[CMS-concurrent-mark-start]
[CMS-concurrent-mark: 0.012/0.012 secs] [Times: user=0.01 sys=0.00, real=0.01 secs] 
[CMS-concurrent-preclean-start]
[CMS-concurrent-preclean: 0.003/0.003 secs] [Times: user=0.00 sys=0.00, real=0.00 secs] 
[CMS-concurrent-abortable-preclean-start]
[GC (Allocation Failure) [ParNew: 6144K->640K(6144K), 0.0128531 secs] 14767K->12374K(19840K), 0.0130607 secs] [Times: user=0.04 sys=0.01, real=0.01 secs] 
[CMS-concurrent-abortable-preclean: 0.419/3.541 secs] [Times: user=0.71 sys=0.24, real=3.54 secs] 
[GC (CMS Final Remark) [YG occupancy: 1976 K (6144 K)][Rescan (parallel) , 0.0017469 secs][weak refs processing, 0.0000232 secs][class unloading, 0.0006933 secs][scrub symbol table, 0.0004562 secs][scrub string table, 0.0002245 secs][1 CMS-remark: 11734K(13696K)] 13711K(19840K), 0.0034194 secs] [Times: user=0.01 sys=0.00, real=0.01 secs] 
[CMS-concurrent-sweep-start]
[CMS-concurrent-sweep: 0.007/0.007 secs] [Times: user=0.01 sys=0.01, real=0.00 secs] 
[CMS-concurrent-reset-start]
[CMS-concurrent-reset: 0.000/0.000 secs] [Times: user=0.00 sys=0.00, real=0.00 secs] 
[GC (CMS Initial Mark) [1 CMS-initial-mark: 11734K(13696K)] 14380K(19840K), 0.0027914 secs] [Times: user=0.01 sys=0.00, real=0.00 secs] 
[CMS-concurrent-mark-start]
[CMS-concurrent-mark: 0.016/0.016 secs] [Times: user=0.01 sys=0.01, real=0.02 secs] 
[CMS-concurrent-preclean-start]
[CMS-concurrent-preclean: 0.003/0.004 secs] [Times: user=0.01 sys=0.00, real=0.00 secs] 
[GC (CMS Final Remark) [YG occupancy: 2646 K (6144 K)][Rescan (parallel) , 0.0022814 secs][weak refs processing, 0.0000149 secs][class unloading, 0.0009986 secs][scrub symbol table, 0.0005857 secs][scrub string table, 0.0001642 secs][1 CMS-remark: 11734K(13696K)] 14380K(19840K), 0.0044903 secs] [Times: user=0.01 sys=0.00, real=0.00 secs] 
[CMS-concurrent-sweep-start]
[CMS-concurrent-sweep: 0.005/0.005 secs] [Times: user=0.00 sys=0.00, real=0.01 secs] 
[CMS-concurrent-reset-start]
[CMS-concurrent-reset: 0.000/0.000 secs] [Times: user=0.00 sys=0.00, real=0.00 secs] 
[GC (CMS Initial Mark) [1 CMS-initial-mark: 11528K(13696K)] 14989K(19840K), 0.0028657 secs] [Times: user=0.01 sys=0.00, real=0.01 secs] 
[CMS-concurrent-mark-start]
[CMS-concurrent-mark: 0.015/0.015 secs] [Times: user=0.01 sys=0.00, real=0.01 secs] 
[CMS-concurrent-preclean-start]
[CMS-concurrent-preclean: 0.003/0.003 secs] [Times: user=0.01 sys=0.00, real=0.00 secs] 
[CMS-concurrent-abortable-preclean-start]
[CMS-concurrent-abortable-preclean: 0.000/0.000 secs] [Times: user=0.00 sys=0.00, real=0.00 secs] 
[GC (CMS Final Remark) [YG occupancy: 3460 K (6144 K)][Rescan (parallel) , 0.0024095 secs][weak refs processing, 0.0000297 secs][class unloading, 0.0010586 secs][scrub symbol table, 0.0004846 secs][scrub string table, 0.0001486 secs][1 CMS-remark: 11528K(13696K)] 14989K(19840K), 0.0044395 secs] [Times: user=0.00 sys=0.00, real=0.00 secs] 
[CMS-concurrent-sweep-start]
[CMS-concurrent-sweep: 0.006/0.006 secs] [Times: user=0.01 sys=0.00, real=0.01 secs] 
[CMS-concurrent-reset-start]
[CMS-concurrent-reset: 0.000/0.000 secs] [Times: user=0.00 sys=0.00, real=0.00 secs] 
[GC (CMS Initial Mark) [1 CMS-initial-mark: 11528K(13696K)] 15658K(19840K), 0.0044771 secs] [Times: user=0.01 sys=0.00, real=0.00 secs] 
[CMS-concurrent-mark-start]
[CMS-concurrent-mark: 0.041/0.041 secs] [Times: user=0.02 sys=0.00, real=0.04 secs] 
[CMS-concurrent-preclean-start]
[CMS-concurrent-preclean: 0.010/0.010 secs] [Times: user=0.00 sys=0.00, real=0.02 secs] 
[CMS-concurrent-abortable-preclean-start]
[CMS-concurrent-abortable-preclean: 0.000/0.000 secs] [Times: user=0.00 sys=0.00, real=0.00 secs] 
[GC (CMS Final Remark) [YG occupancy: 4130 K (6144 K)][Rescan (parallel) , 0.0061570 secs][weak refs processing, 0.0000171 secs][class unloading, 0.0006253 secs][scrub symbol table, 0.0005865 secs][scrub string table, 0.0001931 secs][1 CMS-remark: 11528K(13696K)] 15658K(19840K), 0.0078469 secs] [Times: user=0.01 sys=0.00, real=0.01 secs] 
[CMS-concurrent-sweep-start]
[CMS-concurrent-sweep: 0.020/0.020 secs] [Times: user=0.01 sys=0.00, real=0.02 secs] 
[CMS-concurrent-reset-start]
[CMS-concurrent-reset: 0.000/0.000 secs] [Times: user=0.00 sys=0.00, real=0.00 secs] 
[GC (CMS Initial Mark) [1 CMS-initial-mark: 11528K(13696K)] 16114K(19840K), 0.0045208 secs] [Times: user=0.01 sys=0.00, real=0.00 secs] 
[CMS-concurrent-mark-start]
[CMS-concurrent-mark: 0.016/0.016 secs] [Times: user=0.02 sys=0.00, real=0.02 secs] 
[CMS-concurrent-preclean-start]
[CMS-concurrent-preclean: 0.003/0.003 secs] [Times: user=0.00 sys=0.00, real=0.00 secs] 
[CMS-concurrent-abortable-preclean-start]
[CMS-concurrent-abortable-preclean: 0.000/0.000 secs] [Times: user=0.00 sys=0.00, real=0.00 secs] 
[GC (CMS Final Remark) [YG occupancy: 4585 K (6144 K)][Rescan (parallel) , 0.0063410 secs][weak refs processing, 0.0000232 secs][class unloading, 0.0006410 secs][scrub symbol table, 0.0004761 secs][scrub string table, 0.0001503 secs][1 CMS-remark: 11528K(13696K)] 16114K(19840K), 0.0078620 secs] [Times: user=0.02 sys=0.00, real=0.01 secs] 
[CMS-concurrent-sweep-start]
[CMS-concurrent-sweep: 0.010/0.010 secs] [Times: user=0.01 sys=0.01, real=0.01 secs] 
[CMS-concurrent-reset-start]
[CMS-concurrent-reset: 0.000/0.000 secs] [Times: user=0.00 sys=0.00, real=0.00 secs] 
[GC (CMS Initial Mark) [1 CMS-initial-mark: 11528K(13696K)] 17208K(19840K), 0.0043767 secs] [Times: user=0.02 sys=0.00, real=0.00 secs] 
[CMS-concurrent-mark-start]
[CMS-concurrent-mark: 0.015/0.015 secs] [Times: user=0.01 sys=0.00, real=0.02 secs] 
[CMS-concurrent-preclean-start]
[CMS-concurrent-preclean: 0.003/0.003 secs] [Times: user=0.01 sys=0.00, real=0.00 secs] 
[CMS-concurrent-abortable-preclean-start]
[CMS-concurrent-abortable-preclean: 0.000/0.000 secs] [Times: user=0.00 sys=0.00, real=0.00 secs] 
[GC (CMS Final Remark) [YG occupancy: 5679 K (6144 K)][Rescan (parallel) , 0.0036591 secs][weak refs processing, 0.0000259 secs][class unloading, 0.0006371 secs][scrub symbol table, 0.0004692 secs][scrub string table, 0.0001544 secs][1 CMS-remark: 11528K(13696K)] 17208K(19840K), 0.0051692 secs] [Times: user=0.01 sys=0.00, real=0.01 secs] 
[CMS-concurrent-sweep-start]
[CMS-concurrent-sweep: 0.006/0.006 secs] [Times: user=0.00 sys=0.00, real=0.00 secs] 
[CMS-concurrent-reset-start]
[CMS-concurrent-reset: 0.000/0.000 secs] [Times: user=0.00 sys=0.00, real=0.00 secs] 
[GC (Allocation Failure) [ParNew: 6144K->6144K(6144K), 0.0000596 secs][CMS: 11528K->13695K(13696K), 0.0607518 secs] 17672K->14613K(19840K), [Metaspace: 3860K->3860K(1056768K)], 0.0613258 secs] [Times: user=0.05 sys=0.00, real=0.06 secs] 
[GC (CMS Initial Mark) [1 CMS-initial-mark: 13695K(13696K)] 14613K(19840K), 0.0014162 secs] [Times: user=0.01 sys=0.00, real=0.00 secs] 
[CMS-concurrent-mark-start]
[CMS-concurrent-mark: 0.036/0.036 secs] [Times: user=0.03 sys=0.01, real=0.04 secs] 
[CMS-concurrent-preclean-start]
[CMS-concurrent-preclean: 0.018/0.018 secs] [Times: user=0.02 sys=0.00, real=0.02 secs] 
[GC (CMS Final Remark) [YG occupancy: 1413 K (6144 K)][Rescan (parallel) , 0.0015190 secs][weak refs processing, 0.0000737 secs][class unloading, 0.0007916 secs][scrub symbol table, 0.0004341 secs][scrub string table, 0.0001829 secs][1 CMS-remark: 13695K(13696K)] 15109K(19840K), 0.0033607 secs] [Times: user=0.01 sys=0.00, real=0.00 secs] 
[CMS-concurrent-sweep-start]
[CMS-concurrent-sweep: 0.007/0.007 secs] [Times: user=0.01 sys=0.00, real=0.01 secs] 
[CMS-concurrent-reset-start]
[CMS-concurrent-reset: 0.000/0.000 secs] [Times: user=0.00 sys=0.00, real=0.00 secs] 
[GC (CMS Initial Mark) [1 CMS-initial-mark: 13695K(13696K)] 15561K(19840K), 0.0020119 secs] [Times: user=0.00 sys=0.00, real=0.00 secs] 
[CMS-concurrent-mark-start]
[CMS-concurrent-mark: 0.033/0.033 secs] [Times: user=0.04 sys=0.00, real=0.04 secs] 
[CMS-concurrent-preclean-start]
[CMS-concurrent-preclean: 0.005/0.006 secs] [Times: user=0.00 sys=0.00, real=0.00 secs] 
[GC (CMS Final Remark) [YG occupancy: 1865 K (6144 K)][Rescan (parallel) , 0.0014232 secs][weak refs processing, 0.0000163 secs][class unloading, 0.0006210 secs][scrub symbol table, 0.0005006 secs][scrub string table, 0.0001943 secs][1 CMS-remark: 13695K(13696K)] 15561K(19840K), 0.0029402 secs] [Times: user=0.01 sys=0.00, real=0.00 secs] 
[CMS-concurrent-sweep-start]
[CMS-concurrent-sweep: 0.008/0.008 secs] [Times: user=0.01 sys=0.00, real=0.01 secs] 
[CMS-concurrent-reset-start]
[CMS-concurrent-reset: 0.000/0.000 secs] [Times: user=0.00 sys=0.00, real=0.00 secs] 
[GC (CMS Initial Mark) [1 CMS-initial-mark: 13694K(13696K)] 16378K(19840K), 0.0032136 secs] [Times: user=0.01 sys=0.00, real=0.00 secs] 
[CMS-concurrent-mark-start]
[CMS-concurrent-mark: 0.034/0.034 secs] [Times: user=0.03 sys=0.01, real=0.03 secs] 
[CMS-concurrent-preclean-start]
[CMS-concurrent-preclean: 0.005/0.005 secs] [Times: user=0.01 sys=0.00, real=0.01 secs] 
[CMS-concurrent-abortable-preclean-start]
[CMS-concurrent-abortable-preclean: 0.000/0.000 secs] [Times: user=0.00 sys=0.00, real=0.00 secs] 
[GC (CMS Final Remark) [YG occupancy: 2683 K (6144 K)][Rescan (parallel) , 0.0016881 secs][weak refs processing, 0.0000149 secs][class unloading, 0.0006198 secs][scrub symbol table, 0.0004430 secs][scrub string table, 0.0001983 secs][1 CMS-remark: 13694K(13696K)] 16378K(19840K), 0.0031151 secs] [Times: user=0.00 sys=0.00, real=0.00 secs] 
[CMS-concurrent-sweep-start]
[CMS-concurrent-sweep: 0.009/0.009 secs] [Times: user=0.01 sys=0.00, real=0.01 secs] 
[CMS-concurrent-reset-start]
[CMS-concurrent-reset: 0.000/0.000 secs] [Times: user=0.00 sys=0.00, real=0.00 secs] 
[GC (CMS Initial Mark) [1 CMS-initial-mark: 13694K(13696K)] 17020K(19840K), 0.0041100 secs] [Times: user=0.01 sys=0.00, real=0.00 secs] 
[CMS-concurrent-mark-start]
[CMS-concurrent-mark: 0.042/0.042 secs] [Times: user=0.04 sys=0.00, real=0.04 secs] 
[CMS-concurrent-preclean-start]
[CMS-concurrent-preclean: 0.006/0.006 secs] [Times: user=0.00 sys=0.00, real=0.01 secs] 
[CMS-concurrent-abortable-preclean-start]
[CMS-concurrent-abortable-preclean: 0.000/0.000 secs] [Times: user=0.00 sys=0.00, real=0.00 secs] 
[GC (CMS Final Remark) [YG occupancy: 3325 K (6144 K)][Rescan (parallel) , 0.0029922 secs][weak refs processing, 0.0000230 secs][class unloading, 0.0006972 secs][scrub symbol table, 0.0004652 secs][scrub string table, 0.0001908 secs][1 CMS-remark: 13694K(13696K)] 17020K(19840K), 0.0046336 secs] [Times: user=0.01 sys=0.00, real=0.00 secs] 
[CMS-concurrent-sweep-start]
[CMS-concurrent-sweep: 0.007/0.007 secs] [Times: user=0.01 sys=0.00, real=0.01 secs] 
[CMS-concurrent-reset-start]
[CMS-concurrent-reset: 0.000/0.000 secs] [Times: user=0.00 sys=0.00, real=0.00 secs] 
[GC (CMS Initial Mark) [1 CMS-initial-mark: 13694K(13696K)] 17838K(19840K), 0.0027407 secs] [Times: user=0.01 sys=0.00, real=0.01 secs] 
[CMS-concurrent-mark-start]
[CMS-concurrent-mark: 0.035/0.035 secs] [Times: user=0.03 sys=0.00, real=0.03 secs] 
[CMS-concurrent-preclean-start]
[CMS-concurrent-preclean: 0.005/0.005 secs] [Times: user=0.01 sys=0.00, real=0.01 secs] 
[CMS-concurrent-abortable-preclean-start]
[CMS-concurrent-abortable-preclean: 0.000/0.000 secs] [Times: user=0.00 sys=0.00, real=0.00 secs] 
[GC (CMS Final Remark) [YG occupancy: 4208 K (6144 K)][Rescan (parallel) , 0.0018530 secs][weak refs processing, 0.0000329 secs][class unloading, 0.0006300 secs][scrub symbol table, 0.0004623 secs][scrub string table, 0.0001511 secs][1 CMS-remark: 13694K(13696K)] 17903K(19840K), 0.0033246 secs] [Times: user=0.01 sys=0.00, real=0.00 secs] 
[CMS-concurrent-sweep-start]
[CMS-concurrent-sweep: 0.007/0.007 secs] [Times: user=0.01 sys=0.00, real=0.01 secs] 
[CMS-concurrent-reset-start]
[CMS-concurrent-reset: 0.000/0.000 secs] [Times: user=0.00 sys=0.00, real=0.00 secs] 
[GC (CMS Initial Mark) [1 CMS-initial-mark: 13694K(13696K)] 18658K(19840K), 0.0030987 secs] [Times: user=0.01 sys=0.00, real=0.00 secs] 
[CMS-concurrent-mark-start]
[CMS-concurrent-mark: 0.033/0.033 secs] [Times: user=0.04 sys=0.00, real=0.03 secs] 
[CMS-concurrent-preclean-start]
[CMS-concurrent-preclean: 0.007/0.007 secs] [Times: user=0.00 sys=0.00, real=0.01 secs] 
[CMS-concurrent-abortable-preclean-start]
[CMS-concurrent-abortable-preclean: 0.000/0.000 secs] [Times: user=0.00 sys=0.00, real=0.00 secs] 
[GC (CMS Final Remark) [YG occupancy: 5016 K (6144 K)][Rescan (parallel) , 0.0031855 secs][weak refs processing, 0.0000227 secs][class unloading, 0.0008539 secs][scrub symbol table, 0.0004181 secs][scrub string table, 0.0001570 secs][1 CMS-remark: 13694K(13696K)] 18711K(19840K), 0.0049250 secs] [Times: user=0.02 sys=0.00, real=0.01 secs] 
[CMS-concurrent-sweep-start]
[CMS-concurrent-sweep: 0.008/0.008 secs] [Times: user=0.00 sys=0.00, real=0.00 secs] 
[CMS-concurrent-reset-start]
[CMS-concurrent-reset: 0.000/0.000 secs] [Times: user=0.00 sys=0.00, real=0.00 secs] 
[GC (CMS Initial Mark) [1 CMS-initial-mark: 13694K(13696K)] 19313K(19840K), 0.0035337 secs] [Times: user=0.01 sys=0.00, real=0.00 secs] 
[CMS-concurrent-mark-start]
[CMS-concurrent-mark: 0.031/0.031 secs] [Times: user=0.03 sys=0.00, real=0.03 secs] 
[CMS-concurrent-preclean-start]
[CMS-concurrent-preclean: 0.007/0.007 secs] [Times: user=0.01 sys=0.00, real=0.01 secs] 
[CMS-concurrent-abortable-preclean-start]
[CMS-concurrent-abortable-preclean: 0.000/0.000 secs] [Times: user=0.00 sys=0.00, real=0.00 secs] 
[GC (CMS Final Remark) [YG occupancy: 5640 K (6144 K)][Rescan (parallel) , 0.0044189 secs][weak refs processing, 0.0000223 secs][class unloading, 0.0006462 secs][scrub symbol table, 0.0004060 secs][scrub string table, 0.0001560 secs][1 CMS-remark: 13694K(13696K)] 19335K(19840K), 0.0058122 secs] [Times: user=0.01 sys=0.00, real=0.01 secs] 
[CMS-concurrent-sweep-start]
[CMS-concurrent-sweep: 0.009/0.009 secs] [Times: user=0.01 sys=0.00, real=0.00 secs] 
[CMS-concurrent-reset-start]
[CMS-concurrent-reset: 0.000/0.000 secs] [Times: user=0.00 sys=0.00, real=0.00 secs] 
[GC (Allocation Failure) [ParNew: 5915K->5915K(6144K), 0.0000581 secs][CMS: 13694K->13695K(13696K), 0.0656736 secs] 19609K->17315K(19840K), [Metaspace: 3860K->3860K(1056768K)], 0.0658614 secs] [Times: user=0.07 sys=0.00, real=0.07 secs] 
[GC (CMS Initial Mark) [1 CMS-initial-mark: 13695K(13696K)] 17777K(19840K), 0.0041170 secs] [Times: user=0.00 sys=0.00, real=0.00 secs] 
[CMS-concurrent-mark-start]
[CMS-concurrent-mark: 0.038/0.038 secs] [Times: user=0.04 sys=0.01, real=0.04 secs] 
[CMS-concurrent-preclean-start]
[CMS-concurrent-preclean: 0.019/0.019 secs] [Times: user=0.02 sys=0.00, real=0.02 secs] 
[CMS-concurrent-abortable-preclean-start]
[CMS-concurrent-abortable-preclean: 0.000/0.000 secs] [Times: user=0.00 sys=0.00, real=0.00 secs] 
[GC (CMS Final Remark) [YG occupancy: 4441 K (6144 K)][Rescan (parallel) , 0.0053525 secs][weak refs processing, 0.0000221 secs][class unloading, 0.0006518 secs][scrub symbol table, 0.0005115 secs][scrub string table, 0.0001972 secs][1 CMS-remark: 13695K(13696K)] 18137K(19840K), 0.0070360 secs] [Times: user=0.02 sys=0.00, real=0.00 secs] 
[CMS-concurrent-sweep-start]
[CMS-concurrent-sweep: 0.006/0.006 secs] [Times: user=0.01 sys=0.00, real=0.01 secs] 
[CMS-concurrent-reset-start]
[CMS-concurrent-reset: 0.000/0.000 secs] [Times: user=0.00 sys=0.00, real=0.00 secs] 
[GC (CMS Initial Mark) [1 CMS-initial-mark: 13695K(13696K)] 18645K(19840K), 0.0065548 secs] [Times: user=0.01 sys=0.00, real=0.01 secs] 
[CMS-concurrent-mark-start]
[CMS-concurrent-mark: 0.018/0.018 secs] [Times: user=0.02 sys=0.00, real=0.02 secs] 
[CMS-concurrent-preclean-start]
[CMS-concurrent-preclean: 0.005/0.005 secs] [Times: user=0.01 sys=0.00, real=0.00 secs] 
[CMS-concurrent-abortable-preclean-start]
[CMS-concurrent-abortable-preclean: 0.000/0.000 secs] [Times: user=0.00 sys=0.00, real=0.00 secs] 
[GC (CMS Final Remark) [YG occupancy: 5011 K (6144 K)][Rescan (parallel) , 0.0059281 secs][weak refs processing, 0.0000146 secs][class unloading, 0.0006003 secs][scrub symbol table, 0.0004357 secs][scrub string table, 0.0001839 secs][1 CMS-remark: 13695K(13696K)] 18707K(19840K), 0.0078039 secs] [Times: user=0.02 sys=0.01, real=0.01 secs] 
[CMS-concurrent-sweep-start]
[CMS-concurrent-sweep: 0.007/0.007 secs] [Times: user=0.00 sys=0.00, real=0.01 secs] 
[CMS-concurrent-reset-start]
[CMS-concurrent-reset: 0.000/0.000 secs] [Times: user=0.00 sys=0.00, real=0.00 secs] 
[GC (CMS Initial Mark) [1 CMS-initial-mark: 13387K(13696K)] 19065K(19840K), 0.0068170 secs] [Times: user=0.01 sys=0.00, real=0.01 secs] 
[CMS-concurrent-mark-start]
[CMS-concurrent-mark: 0.019/0.019 secs] [Times: user=0.02 sys=0.00, real=0.02 secs] 
[CMS-concurrent-preclean-start]
[CMS-concurrent-preclean: 0.004/0.004 secs] [Times: user=0.01 sys=0.00, real=0.00 secs] 
[CMS-concurrent-abortable-preclean-start]
[CMS-concurrent-abortable-preclean: 0.000/0.000 secs] [Times: user=0.00 sys=0.00, real=0.00 secs] 
[GC (CMS Final Remark) [YG occupancy: 5677 K (6144 K)][Rescan (parallel) , 0.0076666 secs][weak refs processing, 0.0000152 secs][class unloading, 0.0006033 secs][scrub symbol table, 0.0004898 secs][scrub string table, 0.0001467 secs][1 CMS-remark: 13387K(13696K)] 19065K(19840K), 0.0091323 secs] [Times: user=0.02 sys=0.00, real=0.01 secs] 
[CMS-concurrent-sweep-start]
[CMS-concurrent-sweep: 0.007/0.007 secs] [Times: user=0.00 sys=0.01, real=0.01 secs] 
[CMS-concurrent-reset-start]
[CMS-concurrent-reset: 0.000/0.000 secs] [Times: user=0.00 sys=0.00, real=0.00 secs] 
[GC (Allocation Failure) [ParNew: 6143K->6143K(6144K), 0.0000386 secs][CMS: 13387K->13696K(13696K), 0.1374115 secs] 19531K->18598K(19840K), [Metaspace: 3860K->3860K(1056768K)], 0.1375728 secs] [Times: user=0.07 sys=0.00, real=0.14 secs] 
[GC (CMS Initial Mark) [1 CMS-initial-mark: 13696K(13696K)] 18647K(19840K), 0.0054009 secs] [Times: user=0.01 sys=0.00, real=0.00 secs] 
[CMS-concurrent-mark-start]
[CMS-concurrent-mark: 0.017/0.017 secs] [Times: user=0.02 sys=0.00, real=0.02 secs] 
[CMS-concurrent-preclean-start]
[CMS-concurrent-preclean: 0.016/0.016 secs] [Times: user=0.02 sys=0.00, real=0.02 secs] 
[CMS-concurrent-abortable-preclean-start]
[CMS-concurrent-abortable-preclean: 0.000/0.000 secs] [Times: user=0.00 sys=0.00, real=0.00 secs] 
[GC (CMS Final Remark) [YG occupancy: 5155 K (6144 K)][Rescan (parallel) , 0.0071736 secs][weak refs processing, 0.0000196 secs][class unloading, 0.0006097 secs][scrub symbol table, 0.0004103 secs][scrub string table, 0.0001435 secs][1 CMS-remark: 13696K(13696K)] 18851K(19840K), 0.0085351 secs] [Times: user=0.02 sys=0.00, real=0.00 secs] 
[CMS-concurrent-sweep-start]
[CMS-concurrent-sweep: 0.007/0.007 secs] [Times: user=0.01 sys=0.01, real=0.01 secs] 
[CMS-concurrent-reset-start]
[CMS-concurrent-reset: 0.000/0.000 secs] [Times: user=0.00 sys=0.00, real=0.00 secs] 
[GC (CMS Initial Mark) [1 CMS-initial-mark: 13696K(13696K)] 19363K(19840K), 0.0074114 secs] [Times: user=0.01 sys=0.00, real=0.01 secs] 
[CMS-concurrent-mark-start]
[CMS-concurrent-mark: 0.019/0.019 secs] [Times: user=0.02 sys=0.00, real=0.02 secs] 
[CMS-concurrent-preclean-start]
[CMS-concurrent-preclean: 0.004/0.004 secs] [Times: user=0.00 sys=0.00, real=0.01 secs] 
[CMS-concurrent-abortable-preclean-start]
[CMS-concurrent-abortable-preclean: 0.000/0.000 secs] [Times: user=0.00 sys=0.00, real=0.00 secs] 
[GC (CMS Final Remark) [YG occupancy: 5690 K (6144 K)][Rescan (parallel) , 0.0067054 secs][weak refs processing, 0.0000226 secs][class unloading, 0.0015085 secs][scrub symbol table, 0.0006625 secs][scrub string table, 0.0006804 secs][1 CMS-remark: 13696K(13696K)] 19386K(19840K), 0.0099401 secs] [Times: user=0.02 sys=0.00, real=0.01 secs] 
[CMS-concurrent-sweep-start]
[CMS-concurrent-sweep: 0.008/0.008 secs] [Times: user=0.01 sys=0.00, real=0.00 secs] 
[CMS-concurrent-reset-start]
[CMS-concurrent-reset: 0.000/0.000 secs] [Times: user=0.00 sys=0.00, real=0.00 secs] 
[GC (Allocation Failure) [ParNew: 6143K->6143K(6144K), 0.0000407 secs][CMS: 13696K->13696K(13696K), 0.0664063 secs] 19839K->19279K(19840K), [Metaspace: 3860K->3860K(1056768K)], 0.0665931 secs] [Times: user=0.06 sys=0.01, real=0.07 secs] 
[GC (CMS Initial Mark) [1 CMS-initial-mark: 13696K(13696K)] 19279K(19840K), 0.0065489 secs] [Times: user=0.00 sys=0.00, real=0.01 secs] 
[CMS-concurrent-mark-start]
[CMS-concurrent-mark: 0.022/0.022 secs] [Times: user=0.03 sys=0.00, real=0.02 secs] 
[CMS-concurrent-preclean-start]
[CMS-concurrent-preclean: 0.015/0.015 secs] [Times: user=0.01 sys=0.00, real=0.02 secs] 
[CMS-concurrent-abortable-preclean-start]
[CMS-concurrent-abortable-preclean: 0.000/0.000 secs] [Times: user=0.00 sys=0.00, real=0.00 secs] 
[GC (CMS Final Remark) [YG occupancy: 5601 K (6144 K)][Rescan (parallel) , 0.0075548 secs][weak refs processing, 0.0000553 secs][class unloading, 0.0006792 secs][scrub symbol table, 0.0004285 secs][scrub string table, 0.0001566 secs][1 CMS-remark: 13696K(13696K)] 19297K(19840K), 0.0090693 secs] [Times: user=0.03 sys=0.00, real=0.01 secs] 
[CMS-concurrent-sweep-start]
[CMS-concurrent-sweep: 0.007/0.007 secs] [Times: user=0.01 sys=0.00, real=0.00 secs] 
[CMS-concurrent-reset-start]
[CMS-concurrent-reset: 0.000/0.000 secs] [Times: user=0.00 sys=0.00, real=0.00 secs] 
[GC (Allocation Failure) [ParNew: 6143K->6143K(6144K), 0.0000387 secs][CMS: 13696K->13696K(13696K), 0.0706831 secs] 19839K->19573K(19840K), [Metaspace: 3860K->3860K(1056768K)], 0.0708384 secs] [Times: user=0.07 sys=0.00, real=0.07 secs] 
[GC (CMS Initial Mark) [1 CMS-initial-mark: 13696K(13696K)] 19573K(19840K), 0.0067220 secs] [Times: user=0.01 sys=0.00, real=0.01 secs] 
[CMS-concurrent-mark-start]
[CMS-concurrent-mark: 0.018/0.018 secs] [Times: user=0.02 sys=0.00, real=0.02 secs] 
[CMS-concurrent-preclean-start]
[CMS-concurrent-preclean: 0.016/0.016 secs] [Times: user=0.01 sys=0.00, real=0.01 secs] 
[CMS-concurrent-abortable-preclean-start]
[CMS-concurrent-abortable-preclean: 0.000/0.000 secs] [Times: user=0.00 sys=0.00, real=0.00 secs] 
[GC (CMS Final Remark) [YG occupancy: 5906 K (6144 K)][Rescan (parallel) , 0.0088623 secs][weak refs processing, 0.0000161 secs][class unloading, 0.0006186 secs][scrub symbol table, 0.0004360 secs][scrub string table, 0.0001361 secs][1 CMS-remark: 13696K(13696K)] 19602K(19840K), 0.0103228 secs] [Times: user=0.03 sys=0.00, real=0.01 secs] 
[CMS-concurrent-sweep-start]
[CMS-concurrent-sweep: 0.009/0.009 secs] [Times: user=0.00 sys=0.00, real=0.01 secs] 
[CMS-concurrent-reset-start]
[CMS-concurrent-reset: 0.000/0.000 secs] [Times: user=0.00 sys=0.00, real=0.00 secs] 
[GC (Allocation Failure) [ParNew: 6143K->6143K(6144K), 0.0000935 secs][CMS: 13696K->13696K(13696K), 0.0933870 secs] 19839K->19717K(19840K), [Metaspace: 3860K->3860K(1056768K)], 0.0937230 secs] [Times: user=0.07 sys=0.01, real=0.10 secs] 
[GC (CMS Initial Mark) [1 CMS-initial-mark: 13696K(13696K)] 19723K(19840K), 0.0065205 secs] [Times: user=0.01 sys=0.00, real=0.01 secs] 
[CMS-concurrent-mark-start]
[CMS-concurrent-mark: 0.020/0.020 secs] [Times: user=0.02 sys=0.00, real=0.02 secs] 
[CMS-concurrent-preclean-start]
[CMS-concurrent-preclean: 0.019/0.019 secs] [Times: user=0.02 sys=0.00, real=0.02 secs] 
[CMS-concurrent-abortable-preclean-start]
[CMS-concurrent-abortable-preclean: 0.000/0.000 secs] [Times: user=0.00 sys=0.00, real=0.00 secs] 
[GC (CMS Final Remark) [YG occupancy: 6043 K (6144 K)][Rescan (parallel) , 0.0077001 secs][weak refs processing, 0.0000195 secs][class unloading, 0.0006468 secs][scrub symbol table, 0.0004482 secs][scrub string table, 0.0001942 secs][1 CMS-remark: 13696K(13696K)] 19739K(19840K), 0.0092043 secs] [Times: user=0.02 sys=0.00, real=0.00 secs] 
[CMS-concurrent-sweep-start]
[CMS-concurrent-sweep: 0.009/0.009 secs] [Times: user=0.02 sys=0.00, real=0.00 secs] 
[CMS-concurrent-reset-start]
[CMS-concurrent-reset: 0.000/0.000 secs] [Times: user=0.00 sys=0.00, real=0.00 secs] 
[GC (Allocation Failure) [ParNew: 6143K->6143K(6144K), 0.0000453 secs][CMS: 13696K->13696K(13696K), 0.0646369 secs] 19839K->19790K(19840K), [Metaspace: 3860K->3860K(1056768K)], 0.0648119 secs] [Times: user=0.06 sys=0.00, real=0.07 secs] 
[GC (CMS Initial Mark) [1 CMS-initial-mark: 13696K(13696K)] 19790K(19840K), 0.0060495 secs] [Times: user=0.01 sys=0.00, real=0.01 secs] 
[CMS-concurrent-mark-start]
[CMS-concurrent-mark: 0.020/0.020 secs] [Times: user=0.02 sys=0.01, real=0.02 secs] 
[CMS-concurrent-preclean-start]
[CMS-concurrent-preclean: 0.016/0.016 secs] [Times: user=0.02 sys=0.00, real=0.01 secs] 
[CMS-concurrent-abortable-preclean-start]
[CMS-concurrent-abortable-preclean: 0.000/0.000 secs] [Times: user=0.00 sys=0.00, real=0.00 secs] 
[GC (CMS Final Remark) [YG occupancy: 6108 K (6144 K)][Rescan (parallel) , 0.0077675 secs][weak refs processing, 0.0000460 secs][class unloading, 0.0006230 secs][scrub symbol table, 0.0004268 secs][scrub string table, 0.0001439 secs][1 CMS-remark: 13696K(13696K)] 19804K(19840K), 0.0091871 secs] [Times: user=0.02 sys=0.00, real=0.01 secs] 
[CMS-concurrent-sweep-start]
[CMS-concurrent-sweep: 0.007/0.007 secs] [Times: user=0.01 sys=0.00, real=0.01 secs] 
[CMS-concurrent-reset-start]
[CMS-concurrent-reset: 0.000/0.000 secs] [Times: user=0.00 sys=0.00, real=0.00 secs] 
[GC (Allocation Failure) [ParNew: 6143K->6143K(6144K), 0.0000566 secs][CMS: 13696K->13696K(13696K), 0.0586130 secs] 19839K->19817K(19840K), [Metaspace: 3860K->3860K(1056768K)], 0.0588391 secs] [Times: user=0.06 sys=0.00, real=0.06 secs] 
[GC (CMS Initial Mark) [1 CMS-initial-mark: 13696K(13696K)] 19817K(19840K), 0.0072040 secs] [Times: user=0.01 sys=0.00, real=0.01 secs] 
[CMS-concurrent-mark-start]
[CMS-concurrent-mark: 0.020/0.020 secs] [Times: user=0.02 sys=0.01, real=0.02 secs] 
[CMS-concurrent-preclean-start]
[Full GC (Allocation Failure) [CMS[CMS-concurrent-preclean: 0.017/0.018 secs] [Times: user=0.02 sys=0.00, real=0.01 secs] 
 (concurrent mode failure): 13696K->13696K(13696K), 0.0730048 secs] 19839K->19832K(19840K), [Metaspace: 3860K->3860K(1056768K)], 0.0731272 secs] [Times: user=0.07 sys=0.00, real=0.07 secs] 
[Full GC (Allocation Failure) [CMS: 13696K->13696K(13696K), 0.0539174 secs] 19839K->19835K(19840K), [Metaspace: 3860K->3860K(1056768K)], 0.0540219 secs] [Times: user=0.05 sys=0.00, real=0.06 secs] 
[GC (CMS Initial Mark) [1 CMS-initial-mark: 13696K(13696K)] 19835K(19840K), 0.0062157 secs] [Times: user=0.01 sys=0.00, real=0.00 secs] 
[CMS-concurrent-mark-start]
[Full GC (Allocation Failure) [CMS[CMS-concurrent-mark: 0.017/0.017 secs] [Times: user=0.02 sys=0.00, real=0.02 secs] 
 (concurrent mode failure): 13696K->13696K(13696K), 0.0772638 secs] 19839K->19837K(19840K), [Metaspace: 3860K->3860K(1056768K)], 0.0774705 secs] [Times: user=0.07 sys=0.01, real=0.07 secs] 
[Full GC (Allocation Failure) [CMS: 13696K->13696K(13696K), 0.0559786 secs] 19839K->19837K(19840K), [Metaspace: 3860K->3860K(1056768K)], 0.0560825 secs] [Times: user=0.05 sys=0.00, real=0.05 secs] 
[GC (CMS Initial Mark) [1 CMS-initial-mark: 13696K(13696K)] 19837K(19840K), 0.0055180 secs] [Times: user=0.01 sys=0.00, real=0.01 secs] 
[CMS-concurrent-mark-start]
[Full GC (Allocation Failure) [CMS[CMS-concurrent-mark: 0.018/0.018 secs] [Times: user=0.02 sys=0.00, real=0.02 secs] 
 (concurrent mode failure): 13696K->13696K(13696K), 0.0760170 secs] 19839K->19837K(19840K), [Metaspace: 3860K->3860K(1056768K)], 0.0767386 secs] [Times: user=0.07 sys=0.00, real=0.08 secs] 
[Full GC (Allocation Failure) [CMS: 13696K->13696K(13696K), 0.0936272 secs] 19839K->19839K(19840K), [Metaspace: 3860K->3860K(1056768K)], 0.0937574 secs] [Times: user=0.05 sys=0.00, real=0.09 secs] 
[Full GC (Allocation Failure) [CMS: 13696K->13696K(13696K), 0.0532141 secs] 19839K->19839K(19840K), [Metaspace: 3860K->3860K(1056768K)], 0.0533544 secs] [Times: user=0.06 sys=0.00, real=0.06 secs] 
[Full GC (Allocation Failure) [CMS: 13696K->13696K(13696K), 0.0513642 secs] 19839K->19839K(19840K), [Metaspace: 3860K->3860K(1056768K)], 0.0515884 secs] [Times: user=0.05 sys=0.00, real=0.05 secs] 
[Full GC (Allocation Failure) [CMS: 13696K->13696K(13696K), 0.0512641 secs] 19839K->19839K(19840K), [Metaspace: 3860K->3860K(1056768K)], 0.0513685 secs] [Times: user=0.05 sys=0.00, real=0.05 secs] 
[Full GC (Allocation Failure) [CMS: 13696K->13696K(13696K), 0.0564689 secs] 19839K->19839K(19840K), [Metaspace: 3860K->3860K(1056768K)], 0.0565413 secs] [Times: user=0.05 sys=0.00, real=0.06 secs] 
[Full GC (Allocation Failure) [CMS: 13696K->13696K(13696K), 0.0755269 secs] 19839K->19837K(19840K), [Metaspace: 3860K->3860K(1056768K)], 0.0759073 secs] [Times: user=0.07 sys=0.00, real=0.08 secs] 
[GC (CMS Initial Mark) [1 CMS-initial-mark: 13696K(13696K)] 19837K(19840K), 0.0061284 secs] [Times: user=0.00 sys=0.00, real=0.00 secs] 
[CMS-concurrent-mark-start]
Exception in thread "main" java.lang.OutOfMemoryError: Java heap space
[Full GC (Allocation Failure) [CMS[CMS-concurrent-mark: 0.017/0.018 secs] [Times: user=0.02 sys=0.00, real=0.02 secs] 
 (concurrent mode failure): 13696K->13695K(13696K), 0.0784208 secs] 19839K->19838K(19840K), [Metaspace: 3885K->3885K(1056768K)], 0.0785341 secs] [Times: user=0.07 sys=0.00, real=0.08 secs] 
[Full GC (Allocation Failure) [CMS: 13695K->13695K(13696K), 0.0501060 secs] 19839K->19839K(19840K), [Metaspace: 3886K->3886K(1056768K)], 0.0502197 secs] [Times: user=0.05 sys=0.00, real=0.05 secs] 
[GC (CMS Initial Mark) [1 CMS-initial-mark: 13695K(13696K)] 19839K(19840K), 0.0056209 secs] [Times: user=0.01 sys=0.00, real=0.01 secs] 
[CMS-concurrent-mark-start]
	at FullGCIssueDemo$CardInfo.<init>(FullGCIssueDemo.java:21)
[Full GC (Allocation Failure) [CMS[CMS-concurrent-mark: 0.015/0.015 secs] [Times: user=0.01 sys=0.00, real=0.01 secs] 
 (concurrent mode failure): 13695K->13695K(13696K), 0.0681453 secs] 19839K->19839K(19840K), [Metaspace: 3886K->3886K(1056768K)], 0.0682092 secs] [Times: user=0.07 sys=0.00, real=0.07 secs] 
	at FullGCIssueDemo$CardInfo.<init>(FullGCIssueDemo.java:16)[Full GC (Allocation Failure) [CMS: 13695K->13695K(13696K), 0.0491836 secs] 19839K->19839K(19840K), [Metaspace: 3886K->3886K(1056768K)], 0.0492640 secs] [Times: user=0.05 sys=0.00, real=0.05 secs] 

[GC (CMS Initial Mark) [1 CMS-initial-mark: 13695K(13696K)] 19839K(19840K), 0.0058617 secs] [Times: user=0.00 sys=0.00, real=0.00 secs] 
[CMS-concurrent-mark-start]
[Full GC (Allocation Failure) [CMS[CMS-concurrent-mark: 0.017/0.017 secs] [Times: user=0.02 sys=0.00, real=0.02 secs] 
 (concurrent mode failure): 13696K->13696K(13696K), 0.0692596 secs] 19839K->19839K(19840K), [Metaspace: 3886K->3886K(1056768K)], 0.0693484 secs] [Times: user=0.07 sys=0.00, real=0.07 secs] 
	at FullGCIssueDemo.getAllCardInfo(FullGCIssueDemo.java:32)
[Full GC (Allocation Failure) [CMS: 13696K->13695K(13696K), 0.0522492 secs] 19839K->19839K(19840K), [Metaspace: 3886K->3886K(1056768K)], 0.0523270 secs] [Times: user=0.05 sys=0.01, real=0.06 secs] 
[Full GC (Allocation Failure) [CMS: 13695K->13695K(13696K), 0.0538918 secs] 19839K->19839K(19840K), [Metaspace: 3886K->3886K(1056768K)], 0.0539873 secs] [Times: user=0.06 sys=0.00, real=0.05 secs] 
[GC (CMS Initial Mark) [1 CMS-initial-mark: 13695K(13696K)] 19839K(19840K), 0.0058323 secs] [Times: user=0.00 sys=0.00, real=0.01 secs] 
[CMS-concurrent-mark-start]
	at FullGCIssueDemo.modelFit(FullGCIssueDemo.java:42)
[Full GC (Allocation Failure) [CMS[CMS-concurrent-mark: 0.016/0.017 secs] [Times: user=0.02 sys=0.00, real=0.01 secs] 
 (concurrent mode failure): 13695K->13695K(13696K), 0.0799386 secs] 19839K->19839K(19840K), [Metaspace: 3886K->3886K(1056768K)], 0.0800173 secs] [Times: user=0.08 sys=0.00, real=0.08 secs] 
	at FullGCIssueDemo.main(FullGCIssueDemo.java:61)
[Full GC (Allocation Failure) [CMS: 13695K->13695K(13696K), 0.0835655 secs] 19839K->19836K(19840K), [Metaspace: 3886K->3886K(1056768K)], 0.0837423 secs] [Times: user=0.07 sys=0.00, real=0.08 secs] 
[Full GC (Allocation Failure) [CMS: 13695K->13695K(13696K), 0.0555742 secs] 19839K->19837K(19840K), [Metaspace: 3886K->3886K(1056768K)], 0.0556837 secs] [Times: user=0.05 sys=0.00, real=0.05 secs] 
[GC (CMS Initial Mark) [1 CMS-initial-mark: 13695K(13696K)] 19837K(19840K), 0.0062357 secs] [Times: user=0.01 sys=0.00, real=0.01 secs] 
[CMS-concurrent-mark-start]
[Full GC (Allocation Failure) [CMS[CMS-concurrent-mark: 0.017/0.018 secs] [Times: user=0.02 sys=0.00, real=0.02 secs] 
 (concurrent mode failure): 13695K->13695K(13696K), 0.0686887 secs] 19839K->19837K(19840K), [Metaspace: 3886K->3886K(1056768K)], 0.0687997 secs] [Times: user=0.07 sys=0.01, real=0.07 secs] 
[Full GC (Allocation Failure) [CMS: 13695K->13695K(13696K), 0.0531323 secs] 19839K->19837K(19840K), [Metaspace: 3886K->3886K(1056768K)], 0.0532466 secs] [Times: user=0.05 sys=0.00, real=0.05 secs] 
[GC (CMS Initial Mark) [1 CMS-initial-mark: 13695K(13696K)] 19837K(19840K), 0.0060117 secs] [Times: user=0.01 sys=0.00, real=0.01 secs] 
[CMS-concurrent-mark-start]
[Full GC (Allocation Failure) [CMS[CMS-concurrent-mark: 0.016/0.017 secs] [Times: user=0.02 sys=0.00, real=0.02 secs] 
 (concurrent mode failure): 13695K->13695K(13696K), 0.0662505 secs] 19839K->19837K(19840K), [Metaspace: 3886K->3886K(1056768K)], 0.0663821 secs] [Times: user=0.06 sys=0.00, real=0.07 secs] 
[Full GC (Allocation Failure) [CMS: 13695K->13695K(13696K), 0.0517851 secs] 19839K->19837K(19840K), [Metaspace: 3886K->3886K(1056768K)], 0.0518652 secs] [Times: user=0.05 sys=0.00, real=0.05 secs] 
[GC (CMS Initial Mark) [1 CMS-initial-mark: 13695K(13696K)] 19837K(19840K), 0.0057223 secs] [Times: user=0.00 sys=0.00, real=0.01 secs] 
[CMS-concurrent-mark-start]
[Full GC (Allocation Failure) [CMS[CMS-concurrent-mark: 0.017/0.018 secs] [Times: user=0.02 sys=0.01, real=0.02 secs] 
 (concurrent mode failure): 13695K->13695K(13696K), 0.0669086 secs] 19839K->19837K(19840K), [Metaspace: 3886K->3886K(1056768K)], 0.0670020 secs] [Times: user=0.06 sys=0.00, real=0.06 secs] 
[Full GC (Allocation Failure) [CMS: 13695K->13695K(13696K), 0.0497054 secs] 19839K->19837K(19840K), [Metaspace: 3886K->3886K(1056768K)], 0.0498126 secs] [Times: user=0.05 sys=0.00, real=0.05 secs] 
[GC (CMS Initial Mark) [1 CMS-initial-mark: 13695K(13696K)] 19837K(19840K), 0.0056325 secs] [Times: user=0.00 sys=0.00, real=0.01 secs] 
[CMS-concurrent-mark-start]
[Full GC (Allocation Failure) [CMS[CMS-concurrent-mark: 0.017/0.018 secs] [Times: user=0.02 sys=0.00, real=0.02 secs] 
 (concurrent mode failure): 13695K->13695K(13696K), 0.0668159 secs] 19839K->19837K(19840K), [Metaspace: 3886K->3886K(1056768K)], 0.0669332 secs] [Times: user=0.06 sys=0.00, real=0.07 secs] 
[Full GC (Allocation Failure) [CMS: 13695K->13695K(13696K), 0.0501555 secs] 19839K->19837K(19840K), [Metaspace: 3886K->3886K(1056768K)], 0.0502499 secs] [Times: user=0.05 sys=0.00, real=0.05 secs] 
[GC (CMS Initial Mark) [1 CMS-initial-mark: 13695K(13696K)] 19837K(19840K), 0.0056788 secs] [Times: user=0.00 sys=0.01, real=0.01 secs] 
[CMS-concurrent-mark-start]
[Full GC (Allocation Failure) [CMS[CMS-concurrent-mark: 0.015/0.016 secs] [Times: user=0.02 sys=0.00, real=0.02 secs] 
 (concurrent mode failure): 13695K->13695K(13696K), 0.0647880 secs] 19839K->19837K(19840K), [Metaspace: 3886K->3886K(1056768K)], 0.0649057 secs] [Times: user=0.06 sys=0.00, real=0.07 secs] 
[Full GC (Allocation Failure) [CMS: 13695K->13695K(13696K), 0.0507630 secs] 19839K->19837K(19840K), [Metaspace: 3886K->3886K(1056768K)], 0.0508617 secs] [Times: user=0.05 sys=0.00, real=0.05 secs] 
[GC (CMS Initial Mark) [1 CMS-initial-mark: 13695K(13696K)] 19837K(19840K), 0.0060894 secs] [Times: user=0.01 sys=0.00, real=0.01 secs] 
[CMS-concurrent-mark-start]
[Full GC (Allocation Failure) [CMS[CMS-concurrent-mark: 0.016/0.017 secs] [Times: user=0.02 sys=0.00, real=0.01 secs] 
 (concurrent mode failure): 13695K->13695K(13696K), 0.0661814 secs] 19839K->19837K(19840K), [Metaspace: 3886K->3886K(1056768K)], 0.0663206 secs] [Times: user=0.06 sys=0.00, real=0.07 secs] 
[Full GC (Allocation Failure) [CMS: 13695K->13695K(13696K), 0.0510482 secs] 19839K->19837K(19840K), [Metaspace: 3886K->3886K(1056768K)], 0.0511422 secs] [Times: user=0.05 sys=0.00, real=0.05 secs] 
[GC (CMS Initial Mark) [1 CMS-initial-mark: 13695K(13696K)] 19837K(19840K), 0.0057651 secs] [Times: user=0.01 sys=0.00, real=0.01 secs] 
[CMS-concurrent-mark-start]
[Full GC (Allocation Failure) [CMS[CMS-concurrent-mark: 0.016/0.017 secs] [Times: user=0.02 sys=0.00, real=0.01 secs] 
 (concurrent mode failure): 13695K->13695K(13696K), 0.0647813 secs] 19839K->19837K(19840K), [Metaspace: 3886K->3886K(1056768K)], 0.0648780 secs] [Times: user=0.06 sys=0.00, real=0.06 secs] 
[Full GC (Allocation Failure) [CMS: 13695K->13695K(13696K), 0.0512672 secs] 19839K->19837K(19840K), [Metaspace: 3886K->3886K(1056768K)], 0.0513584 secs] [Times: user=0.05 sys=0.00, real=0.05 secs] 
[GC (CMS Initial Mark) [1 CMS-initial-mark: 13695K(13696K)] 19837K(19840K), 0.0058867 secs] [Times: user=0.01 sys=0.00, real=0.00 secs] 
[CMS-concurrent-mark-start]
[Full GC (Allocation Failure) [CMS[CMS-concurrent-mark: 0.016/0.016 secs] [Times: user=0.02 sys=0.00, real=0.02 secs] 
 (concurrent mode failure): 13695K->13695K(13696K), 0.0672916 secs] 19839K->19837K(19840K), [Metaspace: 3886K->3886K(1056768K)], 0.0673621 secs] [Times: user=0.07 sys=0.00, real=0.06 secs] 
[Full GC (Allocation Failure) [CMS: 13695K->13695K(13696K), 0.0508001 secs] 19839K->19837K(19840K), [Metaspace: 3886K->3886K(1056768K)], 0.0509071 secs] [Times: user=0.05 sys=0.00, real=0.05 secs] 
[GC (CMS Initial Mark) [1 CMS-initial-mark: 13695K(13696K)] 19837K(19840K), 0.0061987 secs] [Times: user=0.01 sys=0.00, real=0.00 secs] 
[CMS-concurrent-mark-start]
[Full GC (Allocation Failure) [CMS[CMS-concurrent-mark: 0.018/0.019 secs] [Times: user=0.02 sys=0.00, real=0.02 secs] 
 (concurrent mode failure): 13695K->13695K(13696K), 0.0667395 secs] 19839K->19837K(19840K), [Metaspace: 3886K->3886K(1056768K)], 0.0668781 secs] [Times: user=0.06 sys=0.00, real=0.07 secs] 
[Full GC (Allocation Failure) [CMS: 13695K->13695K(13696K), 0.0512624 secs] 19839K->19837K(19840K), [Metaspace: 3886K->3886K(1056768K)], 0.0513848 secs] [Times: user=0.05 sys=0.00, real=0.05 secs] 
[GC (CMS Initial Mark) [1 CMS-initial-mark: 13695K(13696K)] 19837K(19840K), 0.0059313 secs] [Times: user=0.00 sys=0.00, real=0.01 secs] 
[CMS-concurrent-mark-start]
[Full GC (Allocation Failure) [CMS[CMS-concurrent-mark: 0.016/0.017 secs] [Times: user=0.02 sys=0.01, real=0.01 secs] 
 (concurrent mode failure): 13695K->13695K(13696K), 0.0727994 secs] 19839K->19837K(19840K), [Metaspace: 3886K->3886K(1056768K)], 0.0728917 secs] [Times: user=0.07 sys=0.00, real=0.07 secs] 
[Full GC (Allocation Failure) [CMS: 13695K->13695K(13696K), 0.0507744 secs] 19839K->19837K(19840K), [Metaspace: 3886K->3886K(1056768K)], 0.0508722 secs] [Times: user=0.05 sys=0.00, real=0.06 secs] 
[GC (CMS Initial Mark) [1 CMS-initial-mark: 13695K(13696K)] 19837K(19840K), 0.0058603 secs] [Times: user=0.01 sys=0.00, real=0.00 secs] 
[CMS-concurrent-mark-start]
[Full GC (Allocation Failure) [CMS[CMS-concurrent-mark: 0.016/0.017 secs] [Times: user=0.01 sys=0.00, real=0.02 secs] 
 (concurrent mode failure): 13695K->13695K(13696K), 0.0691500 secs] 19839K->19837K(19840K), [Metaspace: 3886K->3886K(1056768K)], 0.0692741 secs] [Times: user=0.07 sys=0.00, real=0.07 secs] 
[Full GC (Allocation Failure) [CMS: 13695K->13695K(13696K), 0.0510291 secs] 19839K->19837K(19840K), [Metaspace: 3886K->3886K(1056768K)], 0.0511382 secs] [Times: user=0.05 sys=0.00, real=0.06 secs] 
[GC (CMS Initial Mark) [1 CMS-initial-mark: 13695K(13696K)] 19837K(19840K), 0.0056731 secs] [Times: user=0.01 sys=0.00, real=0.00 secs] 
[CMS-concurrent-mark-start]
[Full GC (Allocation Failure) [CMS[CMS-concurrent-mark: 0.017/0.018 secs] [Times: user=0.02 sys=0.01, real=0.02 secs] 
 (concurrent mode failure): 13695K->13695K(13696K), 0.0674661 secs] 19839K->19837K(19840K), [Metaspace: 3886K->3886K(1056768K)], 0.0676198 secs] [Times: user=0.07 sys=0.00, real=0.06 secs] 
[Full GC (Allocation Failure) [CMS: 13695K->13695K(13696K), 0.0529034 secs] 19839K->19837K(19840K), [Metaspace: 3886K->3886K(1056768K)], 0.0529958 secs] [Times: user=0.05 sys=0.00, real=0.05 secs] 
[GC (CMS Initial Mark) [1 CMS-initial-mark: 13695K(13696K)] 19837K(19840K), 0.0054436 secs] [Times: user=0.01 sys=0.00, real=0.01 secs] 
[CMS-concurrent-mark-start]
[Full GC (Allocation Failure) [CMS[CMS-concurrent-mark: 0.016/0.016 secs] [Times: user=0.02 sys=0.00, real=0.02 secs] 
 (concurrent mode failure): 13695K->13695K(13696K), 0.0665975 secs] 19839K->19837K(19840K), [Metaspace: 3886K->3886K(1056768K)], 0.0666803 secs] [Times: user=0.07 sys=0.00, real=0.07 secs] 
[Full GC (Allocation Failure) [CMS: 13695K->13695K(13696K), 0.0528051 secs] 19839K->19837K(19840K), [Metaspace: 3886K->3886K(1056768K)], 0.0528980 secs] [Times: user=0.05 sys=0.00, real=0.05 secs] 
[GC (CMS Initial Mark) [1 CMS-initial-mark: 13695K(13696K)] 19837K(19840K), 0.0064863 secs] [Times: user=0.01 sys=0.00, real=0.01 secs] 
[CMS-concurrent-mark-start]
[Full GC (Allocation Failure) [CMS[CMS-concurrent-mark: 0.017/0.017 secs] [Times: user=0.02 sys=0.01, real=0.02 secs] 
 (concurrent mode failure): 13695K->13695K(13696K), 0.0719412 secs] 19839K->19837K(19840K), [Metaspace: 3886K->3886K(1056768K)], 0.0720419 secs] [Times: user=0.07 sys=0.00, real=0.07 secs] 
[Full GC (Allocation Failure) [CMS: 13695K->13695K(13696K), 0.0523427 secs] 19839K->19837K(19840K), [Metaspace: 3886K->3886K(1056768K)], 0.0524519 secs] [Times: user=0.05 sys=0.00, real=0.05 secs] 
[GC (CMS Initial Mark) [1 CMS-initial-mark: 13695K(13696K)] 19837K(19840K), 0.0068874 secs] [Times: user=0.01 sys=0.00, real=0.01 secs] 
[CMS-concurrent-mark-start]
[Full GC (Allocation Failure) [CMS[CMS-concurrent-mark: 0.018/0.019 secs] [Times: user=0.02 sys=0.00, real=0.02 secs] 
 (concurrent mode failure): 13695K->13695K(13696K), 0.0705931 secs] 19839K->19837K(19840K), [Metaspace: 3886K->3886K(1056768K)], 0.0706920 secs] [Times: user=0.07 sys=0.00, real=0.07 secs] 
[Full GC (Allocation Failure) [CMS: 13695K->13695K(13696K), 0.0596195 secs] 19839K->19837K(19840K), [Metaspace: 3886K->3886K(1056768K)], 0.0597261 secs] [Times: user=0.06 sys=0.00, real=0.06 secs] 
[GC (CMS Initial Mark) [1 CMS-initial-mark: 13695K(13696K)] 19837K(19840K), 0.0069663 secs] [Times: user=0.01 sys=0.00, real=0.00 secs] 
[CMS-concurrent-mark-start]
[CMS-concurrent-mark: 0.018/0.018 secs] [Times: user=0.01 sys=0.00, real=0.02 secs] 
[CMS-concurrent-preclean-start]
[CMS-concurrent-preclean: 0.016/0.016 secs] [Times: user=0.02 sys=0.00, real=0.02 secs] 
[CMS-concurrent-abortable-preclean-start]
[CMS-concurrent-abortable-preclean: 0.000/0.000 secs] [Times: user=0.00 sys=0.00, real=0.00 secs] 
[GC (CMS Final Remark) [YG occupancy: 6143 K (6144 K)][Rescan (parallel) , 0.0078928 secs][weak refs processing, 0.0000169 secs][class unloading, 0.0005898 secs][scrub symbol table, 0.0003966 secs][scrub string table, 0.0001504 secs][1 CMS-remark: 13695K(13696K)] 19839K(19840K), 0.0091929 secs] [Times: user=0.02 sys=0.00, real=0.01 secs] 
[CMS-concurrent-sweep-start]
[CMS-concurrent-sweep: 0.007/0.007 secs] [Times: user=0.01 sys=0.00, real=0.00 secs] 
[CMS-concurrent-reset-start]
[CMS-concurrent-reset: 0.000/0.000 secs] [Times: user=0.00 sys=0.00, real=0.00 secs] 
[GC (Allocation Failure) [ParNew: 6143K->6143K(6144K), 0.0000673 secs][CMS: 13695K->13695K(13696K), 0.0567691 secs] 19839K->19837K(19840K), [Metaspace: 3886K->3886K(1056768K)], 0.0569992 secs] [Times: user=0.06 sys=0.00, real=0.06 secs] 
[GC (CMS Initial Mark) [1 CMS-initial-mark: 13695K(13696K)] 19837K(19840K), 0.0069942 secs] [Times: user=0.00 sys=0.00, real=0.00 secs] 
[CMS-concurrent-mark-start]
[CMS-concurrent-mark: 0.016/0.016 secs] [Times: user=0.02 sys=0.00, real=0.02 secs] 
[CMS-concurrent-preclean-start]
[Full GC (Allocation Failure) [CMS[CMS-concurrent-preclean: 0.016/0.016 secs] [Times: user=0.02 sys=0.00, real=0.02 secs] 
 (concurrent mode failure): 13695K->13695K(13696K), 0.0625080 secs] 19839K->19837K(19840K), [Metaspace: 3886K->3886K(1056768K)], 0.0626161 secs] [Times: user=0.07 sys=0.00, real=0.07 secs] 
[Full GC (Allocation Failure) [CMS: 13695K->13695K(13696K), 0.0559430 secs] 19839K->19837K(19840K), [Metaspace: 3886K->3886K(1056768K)], 0.0560551 secs] [Times: user=0.05 sys=0.00, real=0.05 secs] 
[GC (CMS Initial Mark) [1 CMS-initial-mark: 13695K(13696K)] 19837K(19840K), 0.0058309 secs] [Times: user=0.01 sys=0.00, real=0.01 secs] 
[CMS-concurrent-mark-start]
[Full GC (Allocation Failure) [CMS[CMS-concurrent-mark: 0.016/0.016 secs] [Times: user=0.01 sys=0.01, real=0.02 secs] 
 (concurrent mode failure): 13695K->13695K(13696K), 0.0595221 secs] 19839K->19837K(19840K), [Metaspace: 3886K->3886K(1056768K)], 0.0596152 secs] [Times: user=0.06 sys=0.00, real=0.06 secs] 
[Full GC (Allocation Failure) [CMS: 13695K->13695K(13696K), 0.0535600 secs] 19839K->19837K(19840K), [Metaspace: 3886K->3886K(1056768K)], 0.0536931 secs] [Times: user=0.05 sys=0.00, real=0.05 secs] 
[GC (CMS Initial Mark) [1 CMS-initial-mark: 13695K(13696K)] 19837K(19840K), 0.0064081 secs] [Times: user=0.01 sys=0.00, real=0.01 secs] 
[CMS-concurrent-mark-start]
[CMS-concurrent-mark: 0.017/0.017 secs] [Times: user=0.01 sys=0.00, real=0.02 secs] 
[CMS-concurrent-preclean-start]
[CMS-concurrent-preclean: 0.014/0.014 secs] [Times: user=0.02 sys=0.00, real=0.01 secs] 
[CMS-concurrent-abortable-preclean-start]
[CMS-concurrent-abortable-preclean: 0.000/0.000 secs] [Times: user=0.00 sys=0.00, real=0.00 secs] 
[GC (CMS Final Remark) [YG occupancy: 6142 K (6144 K)][Rescan (parallel) , 0.0073706 secs][weak refs processing, 0.0000207 secs][class unloading, 0.0006466 secs][scrub symbol table, 0.0004542 secs][scrub string table, 0.0001645 secs][1 CMS-remark: 13695K(13696K)] 19838K(19840K), 0.0088782 secs] [Times: user=0.02 sys=0.00, real=0.01 secs] 
[CMS-concurrent-sweep-start]
[CMS-concurrent-sweep: 0.007/0.007 secs] [Times: user=0.01 sys=0.00, real=0.01 secs] 
[CMS-concurrent-reset-start]
[CMS-concurrent-reset: 0.000/0.000 secs] [Times: user=0.00 sys=0.00, real=0.00 secs] 
[GC (Allocation Failure) [ParNew: 6143K->6143K(6144K), 0.0000544 secs][CMS: 13695K->13695K(13696K), 0.1031325 secs] 19839K->19837K(19840K), [Metaspace: 3886K->3886K(1056768K)], 0.1033218 secs] [Times: user=0.07 sys=0.00, real=0.10 secs] 
[GC (CMS Initial Mark) [1 CMS-initial-mark: 13695K(13696K)] 19837K(19840K), 0.0067478 secs] [Times: user=0.00 sys=0.00, real=0.01 secs] 
[CMS-concurrent-mark-start]
[CMS-concurrent-mark: 0.016/0.016 secs] [Times: user=0.02 sys=0.00, real=0.01 secs] 
[CMS-concurrent-preclean-start]
[CMS-concurrent-preclean: 0.022/0.022 secs] [Times: user=0.02 sys=0.00, real=0.02 secs] 
[CMS-concurrent-abortable-preclean-start]
[CMS-concurrent-abortable-preclean: 0.000/0.000 secs] [Times: user=0.00 sys=0.00, real=0.00 secs] 
[GC (CMS Final Remark) [YG occupancy: 6143 K (6144 K)][Rescan (parallel) , 0.0128113 secs][weak refs processing, 0.0000263 secs][class unloading, 0.0016537 secs][scrub symbol table, 0.0015907 secs][scrub string table, 0.0001657 secs][1 CMS-remark: 13695K(13696K)] 19839K(19840K), 0.0166899 secs] [Times: user=0.02 sys=0.00, real=0.01 secs] 
[CMS-concurrent-sweep-start]
[CMS-concurrent-sweep: 0.007/0.007 secs] [Times: user=0.00 sys=0.00, real=0.01 secs] 
[CMS-concurrent-reset-start]
[CMS-concurrent-reset: 0.000/0.000 secs] [Times: user=0.00 sys=0.00, real=0.00 secs] 
[GC (Allocation Failure) [ParNew: 6143K->6143K(6144K), 0.0000285 secs][CMS: 13695K->13695K(13696K), 0.0538864 secs] 19839K->19837K(19840K), [Metaspace: 3886K->3886K(1056768K)], 0.0540841 secs] [Times: user=0.06 sys=0.00, real=0.05 secs] 
[GC (CMS Initial Mark) [1 CMS-initial-mark: 13695K(13696K)] 19837K(19840K), 0.0059327 secs] [Times: user=0.00 sys=0.00, real=0.01 secs] 
[CMS-concurrent-mark-start]
[Full GC (Allocation Failure) [CMS[CMS-concurrent-mark: 0.024/0.024 secs] [Times: user=0.03 sys=0.00, real=0.02 secs] 
 (concurrent mode failure): 13695K->13695K(13696K), 0.0692794 secs] 19839K->19837K(19840K), [Metaspace: 3886K->3886K(1056768K)], 0.0694048 secs] [Times: user=0.07 sys=0.00, real=0.07 secs] 
[Full GC (Allocation Failure) [CMS: 13695K->13695K(13696K), 0.0521575 secs] 19839K->19837K(19840K), [Metaspace: 3886K->3886K(1056768K)], 0.0523049 secs] [Times: user=0.05 sys=0.00, real=0.05 secs] 
[GC (CMS Initial Mark) [1 CMS-initial-mark: 13695K(13696K)] 19837K(19840K), 0.0058988 secs] [Times: user=0.01 sys=0.00, real=0.01 secs] 
[CMS-concurrent-mark-start]
[Full GC (Allocation Failure) [CMS[CMS-concurrent-mark: 0.015/0.016 secs] [Times: user=0.01 sys=0.01, real=0.01 secs] 
 (concurrent mode failure): 13695K->13695K(13696K), 0.0702456 secs] 19839K->19837K(19840K), [Metaspace: 3886K->3886K(1056768K)], 0.0703668 secs] [Times: user=0.07 sys=0.00, real=0.07 secs] 
[Full GC (Allocation Failure) [CMS: 13695K->13695K(13696K), 0.0510771 secs] 19839K->19837K(19840K), [Metaspace: 3886K->3886K(1056768K)], 0.0511820 secs] [Times: user=0.05 sys=0.00, real=0.05 secs] 
[GC (CMS Initial Mark) [1 CMS-initial-mark: 13695K(13696K)] 19837K(19840K), 0.0065344 secs] [Times: user=0.01 sys=0.00, real=0.00 secs] 
[CMS-concurrent-mark-start]
[Full GC (Allocation Failure) [CMS[CMS-concurrent-mark: 0.017/0.018 secs] [Times: user=0.02 sys=0.00, real=0.02 secs] 
 (concurrent mode failure): 13695K->13695K(13696K), 0.0749223 secs] 19839K->19837K(19840K), [Metaspace: 3886K->3886K(1056768K)], 0.0750280 secs] [Times: user=0.08 sys=0.00, real=0.08 secs] 
[Full GC (Allocation Failure) [CMS: 13695K->13695K(13696K), 0.0500160 secs] 19839K->19837K(19840K), [Metaspace: 3886K->3886K(1056768K)], 0.0501222 secs] [Times: user=0.05 sys=0.00, real=0.05 secs] 
[GC (CMS Initial Mark) [1 CMS-initial-mark: 13695K(13696K)] 19837K(19840K), 0.0060504 secs] [Times: user=0.00 sys=0.00, real=0.01 secs] 
[CMS-concurrent-mark-start]
[Full GC (Allocation Failure) [CMS[CMS-concurrent-mark: 0.016/0.017 secs] [Times: user=0.02 sys=0.00, real=0.02 secs] 
 (concurrent mode failure): 13695K->13695K(13696K), 0.0658776 secs] 19839K->19837K(19840K), [Metaspace: 3886K->3886K(1056768K)], 0.0659708 secs] [Times: user=0.07 sys=0.00, real=0.07 secs] 
[Full GC (Allocation Failure) [CMS: 13695K->13695K(13696K), 0.0516509 secs] 19839K->19837K(19840K), [Metaspace: 3886K->3886K(1056768K)], 0.0517460 secs] [Times: user=0.05 sys=0.00, real=0.05 secs] 
[GC (CMS Initial Mark) [1 CMS-initial-mark: 13695K(13696K)] 19837K(19840K), 0.0065643 secs] [Times: user=0.01 sys=0.00, real=0.01 secs] 
[CMS-concurrent-mark-start]
[Full GC (Allocation Failure) [CMS[CMS-concurrent-mark: 0.016/0.017 secs] [Times: user=0.02 sys=0.00, real=0.02 secs] 
 (concurrent mode failure): 13695K->13695K(13696K), 0.0666400 secs] 19839K->19837K(19840K), [Metaspace: 3886K->3886K(1056768K)], 0.0667650 secs] [Times: user=0.07 sys=0.01, real=0.07 secs] 
[Full GC (Allocation Failure) [CMS: 13695K->13695K(13696K), 0.0509969 secs] 19839K->19837K(19840K), [Metaspace: 3886K->3886K(1056768K)], 0.0510995 secs] [Times: user=0.05 sys=0.00, real=0.05 secs] 
[GC (CMS Initial Mark) [1 CMS-initial-mark: 13695K(13696K)] 19837K(19840K), 0.0057855 secs] [Times: user=0.01 sys=0.00, real=0.01 secs] 
[CMS-concurrent-mark-start]
[Full GC (Allocation Failure) [CMS[CMS-concurrent-mark: 0.017/0.017 secs] [Times: user=0.02 sys=0.00, real=0.02 secs] 
 (concurrent mode failure): 13695K->13695K(13696K), 0.0711857 secs] 19839K->19837K(19840K), [Metaspace: 3886K->3886K(1056768K)], 0.0713353 secs] [Times: user=0.07 sys=0.00, real=0.07 secs] 
[Full GC (Allocation Failure) [CMS: 13695K->13695K(13696K), 0.0518006 secs] 19839K->19837K(19840K), [Metaspace: 3886K->3886K(1056768K)], 0.0518964 secs] [Times: user=0.05 sys=0.00, real=0.05 secs] 
[GC (CMS Initial Mark) [1 CMS-initial-mark: 13695K(13696K)] 19837K(19840K), 0.0058247 secs] [Times: user=0.00 sys=0.00, real=0.00 secs] 
[CMS-concurrent-mark-start]
[Full GC (Allocation Failure) [CMS[CMS-concurrent-mark: 0.018/0.018 secs] [Times: user=0.02 sys=0.01, real=0.02 secs] 
 (concurrent mode failure): 13695K->13695K(13696K), 0.0743398 secs] 19839K->19837K(19840K), [Metaspace: 3886K->3886K(1056768K)], 0.0744605 secs] [Times: user=0.07 sys=0.00, real=0.07 secs] 
[Full GC (Allocation Failure) [CMS: 13695K->13695K(13696K), 0.0537484 secs] 19839K->19837K(19840K), [Metaspace: 3886K->3886K(1056768K)], 0.0539335 secs] [Times: user=0.06 sys=0.00, real=0.05 secs] 
[GC (CMS Initial Mark) [1 CMS-initial-mark: 13695K(13696K)] 19837K(19840K), 0.0055968 secs] [Times: user=0.00 sys=0.00, real=0.01 secs] 
[CMS-concurrent-mark-start]
[Full GC (Allocation Failure) [CMS[CMS-concurrent-mark: 0.016/0.016 secs] [Times: user=0.02 sys=0.00, real=0.01 secs] 
 (concurrent mode failure): 13695K->13695K(13696K), 0.0670738 secs] 19839K->19837K(19840K), [Metaspace: 3886K->3886K(1056768K)], 0.0671671 secs] [Times: user=0.06 sys=0.00, real=0.07 secs] 
[Full GC (Allocation Failure) [CMS: 13695K->13695K(13696K), 0.0536291 secs] 19839K->19837K(19840K), [Metaspace: 3886K->3886K(1056768K)], 0.0537489 secs] [Times: user=0.05 sys=0.00, real=0.05 secs] 
[GC (CMS Initial Mark) [1 CMS-initial-mark: 13695K(13696K)] 19837K(19840K), 0.0066799 secs] [Times: user=0.01 sys=0.00, real=0.01 secs] 
[CMS-concurrent-mark-start]
[Full GC (Allocation Failure) [CMS[CMS-concurrent-mark: 0.016/0.017 secs] [Times: user=0.02 sys=0.00, real=0.02 secs] 
 (concurrent mode failure): 13695K->13695K(13696K), 0.0681488 secs] 19839K->19837K(19840K), [Metaspace: 3886K->3886K(1056768K)], 0.0682408 secs] [Times: user=0.07 sys=0.00, real=0.07 secs] 
[Full GC (Allocation Failure) [CMS: 13695K->13695K(13696K), 0.0508474 secs] 19839K->19837K(19840K), [Metaspace: 3886K->3886K(1056768K)], 0.0509583 secs] [Times: user=0.05 sys=0.00, real=0.05 secs] 
[GC (CMS Initial Mark) [1 CMS-initial-mark: 13695K(13696K)] 19837K(19840K), 0.0055529 secs] [Times: user=0.01 sys=0.00, real=0.01 secs] 
[CMS-concurrent-mark-start]
[Full GC (Allocation Failure) [CMS[CMS-concurrent-mark: 0.018/0.018 secs] [Times: user=0.02 sys=0.00, real=0.02 secs] 
 (concurrent mode failure): 13695K->13695K(13696K), 0.0681147 secs] 19839K->19837K(19840K), [Metaspace: 3886K->3886K(1056768K)], 0.0682214 secs] [Times: user=0.07 sys=0.00, real=0.07 secs] 
[Full GC (Allocation Failure) [CMS: 13695K->13695K(13696K), 0.0505621 secs] 19839K->19837K(19840K), [Metaspace: 3886K->3886K(1056768K)], 0.0506543 secs] [Times: user=0.05 sys=0.00, real=0.05 secs] 
[GC (CMS Initial Mark) [1 CMS-initial-mark: 13695K(13696K)] 19837K(19840K), 0.0080031 secs] [Times: user=0.01 sys=0.00, real=0.01 secs] 
[CMS-concurrent-mark-start]
[Full GC (Allocation Failure) [CMS[CMS-concurrent-mark: 0.018/0.018 secs] [Times: user=0.02 sys=0.00, real=0.02 secs] 
 (concurrent mode failure): 13695K->13695K(13696K), 0.0661832 secs] 19839K->19837K(19840K), [Metaspace: 3886K->3886K(1056768K)], 0.0662753 secs] [Times: user=0.06 sys=0.00, real=0.06 secs] 
[Full GC (Allocation Failure) [CMS: 13695K->13695K(13696K), 0.0550812 secs] 19839K->19837K(19840K), [Metaspace: 3886K->3886K(1056768K)], 0.0551661 secs] [Times: user=0.06 sys=0.00, real=0.06 secs] 
[GC (CMS Initial Mark) [1 CMS-initial-mark: 13695K(13696K)] 19837K(19840K), 0.0055080 secs] [Times: user=0.01 sys=0.00, real=0.00 secs] 
[CMS-concurrent-mark-start]
[Full GC (Allocation Failure) [CMS[CMS-concurrent-mark: 0.017/0.018 secs] [Times: user=0.01 sys=0.01, real=0.02 secs] 
 (concurrent mode failure): 13695K->13695K(13696K), 0.0673290 secs] 19839K->19837K(19840K), [Metaspace: 3886K->3886K(1056768K)], 0.0674320 secs] [Times: user=0.07 sys=0.00, real=0.06 secs] 
[Full GC (Allocation Failure) [CMS: 13695K->13695K(13696K), 0.0529257 secs] 19839K->19837K(19840K), [Metaspace: 3886K->3886K(1056768K)], 0.0530341 secs] [Times: user=0.05 sys=0.00, real=0.05 secs] 
[GC (CMS Initial Mark) [1 CMS-initial-mark: 13695K(13696K)] 19837K(19840K), 0.0056902 secs] [Times: user=0.01 sys=0.00, real=0.01 secs] 
[CMS-concurrent-mark-start]
[Full GC (Allocation Failure) [CMS[CMS-concurrent-mark: 0.016/0.017 secs] [Times: user=0.02 sys=0.00, real=0.01 secs] 
 (concurrent mode failure): 13695K->13695K(13696K), 0.0678558 secs] 19839K->19837K(19840K), [Metaspace: 3886K->3886K(1056768K)], 0.0679481 secs] [Times: user=0.07 sys=0.00, real=0.07 secs] 
[Full GC (Allocation Failure) [CMS: 13695K->13695K(13696K), 0.0506513 secs] 19839K->19837K(19840K), [Metaspace: 3886K->3886K(1056768K)], 0.0507682 secs] [Times: user=0.05 sys=0.00, real=0.05 secs] 
[GC (CMS Initial Mark) [1 CMS-initial-mark: 13695K(13696K)] 19837K(19840K), 0.0065198 secs] [Times: user=0.01 sys=0.00, real=0.01 secs] 
[CMS-concurrent-mark-start]
[Full GC (Allocation Failure) [CMS[CMS-concurrent-mark: 0.019/0.019 secs] [Times: user=0.02 sys=0.01, real=0.02 secs] 
 (concurrent mode failure): 13695K->13695K(13696K), 0.0682013 secs] 19839K->19837K(19840K), [Metaspace: 3886K->3886K(1056768K)], 0.0683376 secs] [Times: user=0.06 sys=0.00, real=0.07 secs] 
[Full GC (Allocation Failure) [CMS: 13695K->13695K(13696K), 0.0520645 secs] 19839K->19837K(19840K), [Metaspace: 3886K->3886K(1056768K)], 0.0521786 secs] [Times: user=0.05 sys=0.00, real=0.06 secs] 
[GC (CMS Initial Mark) [1 CMS-initial-mark: 13695K(13696K)] 19837K(19840K), 0.0063913 secs] [Times: user=0.01 sys=0.00, real=0.00 secs] 
[CMS-concurrent-mark-start]
[Full GC (Allocation Failure) [CMS[CMS-concurrent-mark: 0.017/0.018 secs] [Times: user=0.02 sys=0.00, real=0.02 secs] 
 (concurrent mode failure): 13695K->13695K(13696K), 0.0709650 secs] 19839K->19837K(19840K), [Metaspace: 3886K->3886K(1056768K)], 0.0710636 secs] [Times: user=0.07 sys=0.00, real=0.07 secs] 
[Full GC (Allocation Failure) [CMS: 13695K->13695K(13696K), 0.0543313 secs] 19839K->19837K(19840K), [Metaspace: 3886K->3886K(1056768K)], 0.0544515 secs] [Times: user=0.05 sys=0.00, real=0.05 secs] 
[GC (CMS Initial Mark) [1 CMS-initial-mark: 13695K(13696K)] 19837K(19840K), 0.0055252 secs] [Times: user=0.01 sys=0.00, real=0.01 secs] 
[CMS-concurrent-mark-start]
[Full GC (Allocation Failure) [CMS[CMS-concurrent-mark: 0.017/0.017 secs] [Times: user=0.02 sys=0.00, real=0.02 secs] 
 (concurrent mode failure): 13695K->13695K(13696K), 0.0697194 secs] 19839K->19837K(19840K), [Metaspace: 3886K->3886K(1056768K)], 0.0698127 secs] [Times: user=0.06 sys=0.00, real=0.07 secs] 
[Full GC (Allocation Failure) [CMS: 13695K->13695K(13696K), 0.0521758 secs] 19839K->19837K(19840K), [Metaspace: 3886K->3886K(1056768K)], 0.0523006 secs] [Times: user=0.05 sys=0.00, real=0.06 secs] 
[GC (CMS Initial Mark) [1 CMS-initial-mark: 13695K(13696K)] 19837K(19840K), 0.0065584 secs] [Times: user=0.00 sys=0.00, real=0.00 secs] 
[CMS-concurrent-mark-start]
[Full GC (Allocation Failure) [CMS[CMS-concurrent-mark: 0.018/0.018 secs] [Times: user=0.02 sys=0.01, real=0.02 secs] 
 (concurrent mode failure): 13695K->13695K(13696K), 0.0717065 secs] 19839K->19837K(19840K), [Metaspace: 3886K->3886K(1056768K)], 0.0718347 secs] [Times: user=0.07 sys=0.00, real=0.07 secs] 
[Full GC (Allocation Failure) [CMS: 13695K->13695K(13696K), 0.0590866 secs] 19839K->19837K(19840K), [Metaspace: 3886K->3886K(1056768K)], 0.0592637 secs] [Times: user=0.06 sys=0.00, real=0.06 secs] 
[GC (CMS Initial Mark) [1 CMS-initial-mark: 13695K(13696K)] 19837K(19840K), 0.0062373 secs] [Times: user=0.00 sys=0.00, real=0.01 secs] 
[CMS-concurrent-mark-start]
[CMS-concurrent-mark: 0.021/0.021 secs] [Times: user=0.02 sys=0.00, real=0.02 secs] 
[CMS-concurrent-preclean-start]
[CMS-concurrent-preclean: 0.014/0.014 secs] [Times: user=0.02 sys=0.00, real=0.02 secs] 
[CMS-concurrent-abortable-preclean-start]
[CMS-concurrent-abortable-preclean: 0.000/0.000 secs] [Times: user=0.00 sys=0.00, real=0.00 secs] 
[GC (CMS Final Remark) [YG occupancy: 6143 K (6144 K)][Rescan (parallel) , 0.0076803 secs][weak refs processing, 0.0000216 secs][class unloading, 0.0006830 secs][scrub symbol table, 0.0007409 secs][scrub string table, 0.0001770 secs][1 CMS-remark: 13695K(13696K)] 19839K(19840K), 0.0095214 secs] [Times: user=0.02 sys=0.00, real=0.01 secs] 
[CMS-concurrent-sweep-start]
[CMS-concurrent-sweep: 0.008/0.008 secs] [Times: user=0.01 sys=0.00, real=0.00 secs] 
[CMS-concurrent-reset-start]
[CMS-concurrent-reset: 0.000/0.000 secs] [Times: user=0.00 sys=0.00, real=0.00 secs] 
[GC (Allocation Failure) [ParNew: 6143K->6143K(6144K), 0.0000462 secs][CMS: 13695K->13695K(13696K), 0.0578632 secs] 19839K->19837K(19840K), [Metaspace: 3886K->3886K(1056768K)], 0.0580326 secs] [Times: user=0.06 sys=0.00, real=0.06 secs] 
[GC (CMS Initial Mark) [1 CMS-initial-mark: 13695K(13696K)] 19837K(19840K), 0.0060851 secs] [Times: user=0.00 sys=0.00, real=0.00 secs] 
[CMS-concurrent-mark-start]
[Full GC (Allocation Failure) [CMS[CMS-concurrent-mark: 0.017/0.017 secs] [Times: user=0.02 sys=0.00, real=0.02 secs] 
 (concurrent mode failure): 13695K->13695K(13696K), 0.0750880 secs] 19839K->19837K(19840K), [Metaspace: 3886K->3886K(1056768K)], 0.0751925 secs] [Times: user=0.07 sys=0.01, real=0.08 secs] 
[Full GC (Allocation Failure) [CMS: 13695K->13695K(13696K), 0.0605372 secs] 19839K->19837K(19840K), [Metaspace: 3886K->3886K(1056768K)], 0.0606601 secs] [Times: user=0.06 sys=0.00, real=0.06 secs] 
[GC (CMS Initial Mark) [1 CMS-initial-mark: 13695K(13696K)] 19837K(19840K), 0.0065388 secs] [Times: user=0.00 sys=0.00, real=0.01 secs] 
[CMS-concurrent-mark-start]
[CMS-concurrent-mark: 0.016/0.016 secs] [Times: user=0.02 sys=0.00, real=0.02 secs] 
[CMS-concurrent-preclean-start]
[CMS-concurrent-preclean: 0.016/0.016 secs] [Times: user=0.02 sys=0.00, real=0.01 secs] 
[CMS-concurrent-abortable-preclean-start]
[CMS-concurrent-abortable-preclean: 0.000/0.000 secs] [Times: user=0.00 sys=0.00, real=0.00 secs] 
[GC (CMS Final Remark) [YG occupancy: 6143 K (6144 K)][Rescan (parallel) , 0.0088833 secs][weak refs processing, 0.0000291 secs][class unloading, 0.0006568 secs][scrub symbol table, 0.0004831 secs][scrub string table, 0.0001487 secs][1 CMS-remark: 13695K(13696K)] 19839K(19840K), 0.0104586 secs] [Times: user=0.02 sys=0.00, real=0.01 secs] 
[CMS-concurrent-sweep-start]
[CMS-concurrent-sweep: 0.007/0.007 secs] [Times: user=0.01 sys=0.00, real=0.01 secs] 
[CMS-concurrent-reset-start]
[CMS-concurrent-reset: 0.000/0.000 secs] [Times: user=0.00 sys=0.00, real=0.00 secs] 
[GC (Allocation Failure) [ParNew: 6143K->6143K(6144K), 0.0000640 secs][CMS: 13695K->13695K(13696K), 0.0593074 secs] 19839K->19837K(19840K), [Metaspace: 3886K->3886K(1056768K)], 0.0594972 secs] [Times: user=0.06 sys=0.00, real=0.06 secs] 
[GC (CMS Initial Mark) [1 CMS-initial-mark: 13695K(13696K)] 19837K(19840K), 0.0060605 secs] [Times: user=0.00 sys=0.00, real=0.01 secs] 
[CMS-concurrent-mark-start]
[CMS-concurrent-mark: 0.016/0.016 secs] [Times: user=0.02 sys=0.00, real=0.01 secs] 
[CMS-concurrent-preclean-start]
[Full GC (Allocation Failure) [CMS[CMS-concurrent-preclean: 0.016/0.017 secs] [Times: user=0.02 sys=0.00, real=0.02 secs] 
 (concurrent mode failure): 13695K->13695K(13696K), 0.0675182 secs] 19839K->19837K(19840K), [Metaspace: 3886K->3886K(1056768K)], 0.0676084 secs] [Times: user=0.06 sys=0.01, real=0.07 secs] 
[Full GC (Allocation Failure) [CMS: 13695K->13695K(13696K), 0.0519263 secs] 19839K->19837K(19840K), [Metaspace: 3886K->3886K(1056768K)], 0.0520593 secs] [Times: user=0.05 sys=0.00, real=0.05 secs] 
[GC (CMS Initial Mark) [1 CMS-initial-mark: 13695K(13696K)] 19837K(19840K), 0.0059358 secs] [Times: user=0.01 sys=0.00, real=0.01 secs] 
[CMS-concurrent-mark-start]
[Full GC (Allocation Failure) [CMS[CMS-concurrent-mark: 0.018/0.018 secs] [Times: user=0.02 sys=0.00, real=0.02 secs] 
 (concurrent mode failure): 13695K->13695K(13696K), 0.0709497 secs] 19839K->19837K(19840K), [Metaspace: 3886K->3886K(1056768K)], 0.0710498 secs] [Times: user=0.07 sys=0.00, real=0.07 secs] 
[Full GC (Allocation Failure) [CMS: 13695K->13695K(13696K), 0.0530465 secs] 19839K->19837K(19840K), [Metaspace: 3886K->3886K(1056768K)], 0.0531412 secs] [Times: user=0.05 sys=0.01, real=0.05 secs] 
[GC (CMS Initial Mark) [1 CMS-initial-mark: 13695K(13696K)] 19837K(19840K), 0.0060784 secs] [Times: user=0.01 sys=0.00, real=0.01 secs] 
[CMS-concurrent-mark-start]
[Full GC (Allocation Failure) [CMS[CMS-concurrent-mark: 0.017/0.017 secs] [Times: user=0.02 sys=0.00, real=0.02 secs] 
 (concurrent mode failure): 13695K->13695K(13696K), 0.0709936 secs] 19839K->19837K(19840K), [Metaspace: 3886K->3886K(1056768K)], 0.0711277 secs] [Times: user=0.07 sys=0.00, real=0.07 secs] 
[Full GC (Allocation Failure) [CMS: 13695K->13695K(13696K), 0.0541847 secs] 19839K->19837K(19840K), [Metaspace: 3886K->3886K(1056768K)], 0.0543111 secs] [Times: user=0.05 sys=0.00, real=0.06 secs] 
[GC (CMS Initial Mark) [1 CMS-initial-mark: 13695K(13696K)] 19837K(19840K), 0.0056919 secs] [Times: user=0.00 sys=0.00, real=0.00 secs] 
[CMS-concurrent-mark-start]
[Full GC (Allocation Failure) [CMS[CMS-concurrent-mark: 0.016/0.017 secs] [Times: user=0.02 sys=0.00, real=0.02 secs] 
 (concurrent mode failure): 13695K->13695K(13696K), 0.0675480 secs] 19839K->19837K(19840K), [Metaspace: 3886K->3886K(1056768K)], 0.0676670 secs] [Times: user=0.07 sys=0.00, real=0.06 secs] 
[Full GC (Allocation Failure) [CMS: 13695K->13695K(13696K), 0.0497548 secs] 19839K->19837K(19840K), [Metaspace: 3886K->3886K(1056768K)], 0.0498674 secs] [Times: user=0.05 sys=0.00, real=0.05 secs] 
[GC (CMS Initial Mark) [1 CMS-initial-mark: 13695K(13696K)] 19837K(19840K), 0.0056535 secs] [Times: user=0.00 sys=0.00, real=0.00 secs] 
[CMS-concurrent-mark-start]
[Full GC (Allocation Failure) [CMS[CMS-concurrent-mark: 0.017/0.017 secs] [Times: user=0.02 sys=0.00, real=0.02 secs] 
 (concurrent mode failure): 13695K->13695K(13696K), 0.0665185 secs] 19839K->19837K(19840K), [Metaspace: 3886K->3886K(1056768K)], 0.0666205 secs] [Times: user=0.06 sys=0.00, real=0.07 secs] 
[Full GC (Allocation Failure) [CMS: 13695K->13695K(13696K), 0.0530652 secs] 19839K->19837K(19840K), [Metaspace: 3886K->3886K(1056768K)], 0.0531706 secs] [Times: user=0.05 sys=0.00, real=0.06 secs] 
[GC (CMS Initial Mark) [1 CMS-initial-mark: 13695K(13696K)] 19837K(19840K), 0.0055174 secs] [Times: user=0.01 sys=0.00, real=0.00 secs] 
[CMS-concurrent-mark-start]
[Full GC (Allocation Failure) [CMS[CMS-concurrent-mark: 0.015/0.016 secs] [Times: user=0.01 sys=0.00, real=0.02 secs] 
 (concurrent mode failure): 13695K->13695K(13696K), 0.0663896 secs] 19839K->19837K(19840K), [Metaspace: 3886K->3886K(1056768K)], 0.0665089 secs] [Times: user=0.06 sys=0.00, real=0.06 secs] 
[Full GC (Allocation Failure) [CMS: 13695K->13695K(13696K), 0.0525193 secs] 19839K->19837K(19840K), [Metaspace: 3886K->3886K(1056768K)], 0.0526019 secs] [Times: user=0.05 sys=0.00, real=0.06 secs] 
[GC (CMS Initial Mark) [1 CMS-initial-mark: 13695K(13696K)] 19837K(19840K), 0.0058467 secs] [Times: user=0.01 sys=0.00, real=0.00 secs] 
[CMS-concurrent-mark-start]
[Full GC (Allocation Failure) [CMS[CMS-concurrent-mark: 0.018/0.019 secs] [Times: user=0.02 sys=0.00, real=0.02 secs] 
 (concurrent mode failure): 13695K->13695K(13696K), 0.0708330 secs] 19839K->19837K(19840K), [Metaspace: 3886K->3886K(1056768K)], 0.0709549 secs] [Times: user=0.07 sys=0.00, real=0.07 secs] 
[Full GC (Allocation Failure) [CMS: 13695K->13695K(13696K), 0.0519397 secs] 19839K->19837K(19840K), [Metaspace: 3886K->3886K(1056768K)], 0.0520606 secs] [Times: user=0.05 sys=0.00, real=0.05 secs] 
[GC (CMS Initial Mark) [1 CMS-initial-mark: 13695K(13696K)] 19837K(19840K), 0.0060076 secs] [Times: user=0.00 sys=0.00, real=0.01 secs] 
[CMS-concurrent-mark-start]
[Full GC (Allocation Failure) [CMS[CMS-concurrent-mark: 0.018/0.018 secs] [Times: user=0.02 sys=0.01, real=0.02 secs] 
 (concurrent mode failure): 13695K->13695K(13696K), 0.0722912 secs] 19839K->19837K(19840K), [Metaspace: 3886K->3886K(1056768K)], 0.0724007 secs] [Times: user=0.07 sys=0.00, real=0.08 secs] 
[Full GC (Allocation Failure) [CMS: 13695K->13695K(13696K), 0.0533966 secs] 19839K->19837K(19840K), [Metaspace: 3886K->3886K(1056768K)], 0.0535074 secs] [Times: user=0.05 sys=0.00, real=0.05 secs] 
[GC (CMS Initial Mark) [1 CMS-initial-mark: 13695K(13696K)] 19837K(19840K), 0.0058647 secs] [Times: user=0.01 sys=0.00, real=0.01 secs] 
[CMS-concurrent-mark-start]
[Full GC (Allocation Failure) [CMS[CMS-concurrent-mark: 0.017/0.017 secs] [Times: user=0.02 sys=0.00, real=0.02 secs] 
 (concurrent mode failure): 13695K->13695K(13696K), 0.0663273 secs] 19839K->19837K(19840K), [Metaspace: 3886K->3886K(1056768K)], 0.0664516 secs] [Times: user=0.06 sys=0.00, real=0.07 secs] 
[Full GC (Allocation Failure) [CMS: 13695K->13695K(13696K), 0.0610734 secs] 19839K->19837K(19840K), [Metaspace: 3886K->3886K(1056768K)], 0.0611806 secs] [Times: user=0.06 sys=0.01, real=0.06 secs] 
[GC (CMS Initial Mark) [1 CMS-initial-mark: 13695K(13696K)] 19837K(19840K), 0.0065092 secs] [Times: user=0.01 sys=0.00, real=0.01 secs] 
[CMS-concurrent-mark-start]
[Full GC (Allocation Failure) [CMS[CMS-concurrent-mark: 0.017/0.017 secs] [Times: user=0.02 sys=0.00, real=0.02 secs] 
 (concurrent mode failure): 13695K->13695K(13696K), 0.0901441 secs] 19839K->19837K(19840K), [Metaspace: 3886K->3886K(1056768K)], 0.0902407 secs] [Times: user=0.08 sys=0.00, real=0.09 secs] 
[Full GC (Allocation Failure) [CMS: 13695K->13695K(13696K), 0.0615330 secs] 19839K->19837K(19840K), [Metaspace: 3886K->3886K(1056768K)], 0.0616279 secs] [Times: user=0.05 sys=0.00, real=0.06 secs] 
[GC (CMS Initial Mark) [1 CMS-initial-mark: 13695K(13696K)] 19837K(19840K), 0.0066451 secs] [Times: user=0.01 sys=0.00, real=0.00 secs] 
[CMS-concurrent-mark-start]
[Full GC (Allocation Failure) [CMS[CMS-concurrent-mark: 0.017/0.017 secs] [Times: user=0.02 sys=0.01, real=0.02 secs] 
 (concurrent mode failure): 13695K->13695K(13696K), 0.0673807 secs] 19839K->19837K(19840K), [Metaspace: 3886K->3886K(1056768K)], 0.0675160 secs] [Times: user=0.06 sys=0.00, real=0.07 secs] 
[Full GC (Allocation Failure) [CMS: 13695K->13695K(13696K), 0.0515695 secs] 19839K->19837K(19840K), [Metaspace: 3886K->3886K(1056768K)], 0.0516788 secs] [Times: user=0.05 sys=0.00, real=0.06 secs] 
[GC (CMS Initial Mark) [1 CMS-initial-mark: 13695K(13696K)] 19837K(19840K), 0.0056345 secs] [Times: user=0.00 sys=0.00, real=0.00 secs] 
[CMS-concurrent-mark-start]
[Full GC (Allocation Failure) [CMS[CMS-concurrent-mark: 0.017/0.018 secs] [Times: user=0.02 sys=0.00, real=0.02 secs] 
 (concurrent mode failure): 13695K->13695K(13696K), 0.0636202 secs] 19839K->19837K(19840K), [Metaspace: 3886K->3886K(1056768K)], 0.0637468 secs] [Times: user=0.06 sys=0.00, real=0.06 secs] 
[Full GC (Allocation Failure) [CMS: 13695K->13695K(13696K), 0.0522878 secs] 19839K->19837K(19840K), [Metaspace: 3886K->3886K(1056768K)], 0.0525252 secs] [Times: user=0.05 sys=0.00, real=0.06 secs] 
[GC (CMS Initial Mark) [1 CMS-initial-mark: 13695K(13696K)] 19837K(19840K), 0.0058708 secs] [Times: user=0.01 sys=0.00, real=0.00 secs] 
[CMS-concurrent-mark-start]
[Full GC (Allocation Failure) [CMS[CMS-concurrent-mark: 0.016/0.017 secs] [Times: user=0.02 sys=0.00, real=0.02 secs] 
 (concurrent mode failure): 13695K->13695K(13696K), 0.0690794 secs] 19839K->19837K(19840K), [Metaspace: 3886K->3886K(1056768K)], 0.0692069 secs] [Times: user=0.06 sys=0.00, real=0.07 secs] 
[Full GC (Allocation Failure) [CMS: 13695K->13695K(13696K), 0.0544169 secs] 19839K->19837K(19840K), [Metaspace: 3886K->3886K(1056768K)], 0.0545257 secs] [Times: user=0.05 sys=0.00, real=0.05 secs] 
[GC (CMS Initial Mark) [1 CMS-initial-mark: 13695K(13696K)] 19837K(19840K), 0.0062041 secs] [Times: user=0.01 sys=0.00, real=0.01 secs] 
[CMS-concurrent-mark-start]
[Full GC (Allocation Failure) [CMS[CMS-concurrent-mark: 0.017/0.018 secs] [Times: user=0.02 sys=0.01, real=0.02 secs] 
 (concurrent mode failure): 13695K->13695K(13696K), 0.0704287 secs] 19839K->19837K(19840K), [Metaspace: 3886K->3886K(1056768K)], 0.0705436 secs] [Times: user=0.07 sys=0.00, real=0.07 secs] 
[Full GC (Allocation Failure) [CMS: 13695K->13695K(13696K), 0.0562518 secs] 19839K->19837K(19840K), [Metaspace: 3886K->3886K(1056768K)], 0.0563480 secs] [Times: user=0.06 sys=0.00, real=0.06 secs] 
[GC (CMS Initial Mark) [1 CMS-initial-mark: 13695K(13696K)] 19837K(19840K), 0.0057172 secs] [Times: user=0.00 sys=0.00, real=0.01 secs] 
[CMS-concurrent-mark-start]
[Full GC (Allocation Failure) [CMS[CMS-concurrent-mark: 0.017/0.018 secs] [Times: user=0.02 sys=0.00, real=0.01 secs] 
 (concurrent mode failure): 13695K->13695K(13696K), 0.0699107 secs] 19839K->19837K(19840K), [Metaspace: 3886K->3886K(1056768K)], 0.0700230 secs] [Times: user=0.06 sys=0.00, real=0.07 secs] 
[Full GC (Allocation Failure) [CMS: 13695K->13695K(13696K), 0.0537299 secs] 19839K->19837K(19840K), [Metaspace: 3886K->3886K(1056768K)], 0.0538269 secs] [Times: user=0.05 sys=0.01, real=0.06 secs] 
[GC (CMS Initial Mark) [1 CMS-initial-mark: 13695K(13696K)] 19837K(19840K), 0.0064471 secs] [Times: user=0.01 sys=0.00, real=0.00 secs] 
[CMS-concurrent-mark-start]
[Full GC (Allocation Failure) [CMS[CMS-concurrent-mark: 0.019/0.020 secs] [Times: user=0.02 sys=0.00, real=0.02 secs] 
 (concurrent mode failure): 13695K->13695K(13696K), 0.0697559 secs] 19839K->19837K(19840K), [Metaspace: 3886K->3886K(1056768K)], 0.0698988 secs] [Times: user=0.06 sys=0.00, real=0.07 secs] 
[Full GC (Allocation Failure) [CMS: 13695K->13695K(13696K), 0.0504694 secs] 19839K->19837K(19840K), [Metaspace: 3886K->3886K(1056768K)], 0.0506758 secs] [Times: user=0.04 sys=0.00, real=0.05 secs] 
[GC (CMS Initial Mark) [1 CMS-initial-mark: 13695K(13696K)] 19837K(19840K), 0.0057935 secs] [Times: user=0.00 sys=0.00, real=0.01 secs] 
[CMS-concurrent-mark-start]
[Full GC (Allocation Failure) [CMS[CMS-concurrent-mark: 0.016/0.016 secs] [Times: user=0.02 sys=0.01, real=0.01 secs] 
 (concurrent mode failure): 13695K->13695K(13696K), 0.0672366 secs] 19839K->19837K(19840K), [Metaspace: 3886K->3886K(1056768K)], 0.0673687 secs] [Times: user=0.06 sys=0.01, real=0.07 secs] 
[Full GC (Allocation Failure) [CMS: 13695K->13695K(13696K), 0.0519204 secs] 19839K->19837K(19840K), [Metaspace: 3886K->3886K(1056768K)], 0.0520176 secs] [Times: user=0.06 sys=0.00, real=0.05 secs] 
[GC (CMS Initial Mark) [1 CMS-initial-mark: 13695K(13696K)] 19837K(19840K), 0.0055928 secs] [Times: user=0.00 sys=0.00, real=0.01 secs] 
[CMS-concurrent-mark-start]
[Full GC (Allocation Failure) [CMS[CMS-concurrent-mark: 0.018/0.018 secs] [Times: user=0.02 sys=0.00, real=0.02 secs] 
 (concurrent mode failure): 13695K->13695K(13696K), 0.0659110 secs] 19839K->19837K(19840K), [Metaspace: 3886K->3886K(1056768K)], 0.0660112 secs] [Times: user=0.06 sys=0.00, real=0.07 secs] 
[Full GC (Allocation Failure) [CMS: 13695K->13695K(13696K), 0.0552399 secs] 19839K->19837K(19840K), [Metaspace: 3886K->3886K(1056768K)], 0.0553549 secs] [Times: user=0.06 sys=0.00, real=0.06 secs] 
[GC (CMS Initial Mark) [1 CMS-initial-mark: 13695K(13696K)] 19837K(19840K), 0.0062882 secs] [Times: user=0.00 sys=0.00, real=0.01 secs] 
[CMS-concurrent-mark-start]
[Full GC (Allocation Failure) [CMS[CMS-concurrent-mark: 0.017/0.017 secs] [Times: user=0.02 sys=0.01, real=0.01 secs] 
 (concurrent mode failure): 13695K->13695K(13696K), 0.0665546 secs] 19839K->19837K(19840K), [Metaspace: 3886K->3886K(1056768K)], 0.0666391 secs] [Times: user=0.06 sys=0.00, real=0.07 secs] 
[Full GC (Allocation Failure) [CMS: 13695K->13695K(13696K), 0.0792749 secs] 19839K->19837K(19840K), [Metaspace: 3886K->3886K(1056768K)], 0.0793654 secs] [Times: user=0.07 sys=0.00, real=0.08 secs] 
[GC (CMS Initial Mark) [1 CMS-initial-mark: 13695K(13696K)] 19837K(19840K), 0.0062287 secs] [Times: user=0.01 sys=0.00, real=0.00 secs] 
[CMS-concurrent-mark-start]
[CMS-concurrent-mark: 0.017/0.017 secs] [Times: user=0.02 sys=0.00, real=0.02 secs] 
[CMS-concurrent-preclean-start]
[CMS-concurrent-preclean: 0.016/0.016 secs] [Times: user=0.01 sys=0.00, real=0.02 secs] 
[CMS-concurrent-abortable-preclean-start]
[CMS-concurrent-abortable-preclean: 0.000/0.000 secs] [Times: user=0.00 sys=0.00, real=0.00 secs] 
[GC (CMS Final Remark) [YG occupancy: 6143 K (6144 K)][Rescan (parallel) , 0.0083859 secs][weak refs processing, 0.0000213 secs][class unloading, 0.0008997 secs][scrub symbol table, 0.0004408 secs][scrub string table, 0.0001510 secs][1 CMS-remark: 13695K(13696K)] 19839K(19840K), 0.0100937 secs] [Times: user=0.02 sys=0.00, real=0.01 secs] 
[CMS-concurrent-sweep-start]
[CMS-concurrent-sweep: 0.008/0.008 secs] [Times: user=0.01 sys=0.00, real=0.01 secs] 
[CMS-concurrent-reset-start]
[CMS-concurrent-reset: 0.000/0.000 secs] [Times: user=0.00 sys=0.00, real=0.00 secs] 
[GC (Allocation Failure) [ParNew: 6143K->6143K(6144K), 0.0000422 secs][CMS: 13695K->13695K(13696K), 0.0548760 secs] 19839K->19837K(19840K), [Metaspace: 3886K->3886K(1056768K)], 0.0550521 secs] [Times: user=0.05 sys=0.00, real=0.06 secs] 
[GC (CMS Initial Mark) [1 CMS-initial-mark: 13695K(13696K)] 19837K(19840K), 0.0063961 secs] [Times: user=0.01 sys=0.00, real=0.00 secs] 
[CMS-concurrent-mark-start]
[CMS-concurrent-mark: 0.017/0.017 secs] [Times: user=0.02 sys=0.01, real=0.02 secs] 
[CMS-concurrent-preclean-start]
[CMS-concurrent-preclean: 0.015/0.015 secs] [Times: user=0.01 sys=0.00, real=0.02 secs] 
[CMS-concurrent-abortable-preclean-start]
[CMS-concurrent-abortable-preclean: 0.000/0.000 secs] [Times: user=0.00 sys=0.00, real=0.00 secs] 
[GC (CMS Final Remark) [YG occupancy: 6143 K (6144 K)][Rescan (parallel) , 0.0069364 secs][weak refs processing, 0.0000435 secs][class unloading, 0.0009081 secs][scrub symbol table, 0.0004489 secs][scrub string table, 0.0001437 secs][1 CMS-remark: 13695K(13696K)] 19839K(19840K), 0.0086738 secs] [Times: user=0.03 sys=0.00, real=0.01 secs] 
[CMS-concurrent-sweep-start]
[CMS-concurrent-sweep: 0.006/0.006 secs] [Times: user=0.00 sys=0.00, real=0.00 secs] 
[CMS-concurrent-reset-start]
[CMS-concurrent-reset: 0.000/0.000 secs] [Times: user=0.00 sys=0.00, real=0.00 secs] 
[GC (Allocation Failure) [ParNew: 6143K->6143K(6144K), 0.0000547 secs][CMS: 13695K->13695K(13696K), 0.0558004 secs] 19839K->19837K(19840K), [Metaspace: 3886K->3886K(1056768K)], 0.0560089 secs] [Times: user=0.06 sys=0.00, real=0.06 secs] 
[GC (CMS Initial Mark) [1 CMS-initial-mark: 13695K(13696K)] 19837K(19840K), 0.0055269 secs] [Times: user=0.00 sys=0.00, real=0.00 secs] 
[CMS-concurrent-mark-start]
[CMS-concurrent-mark: 0.015/0.015 secs] [Times: user=0.02 sys=0.00, real=0.02 secs] 
[CMS-concurrent-preclean-start]
[CMS-concurrent-preclean: 0.015/0.015 secs] [Times: user=0.02 sys=0.00, real=0.01 secs] 
[CMS-concurrent-abortable-preclean-start]
[CMS-concurrent-abortable-preclean: 0.000/0.000 secs] [Times: user=0.00 sys=0.00, real=0.00 secs] 
[GC (CMS Final Remark) [YG occupancy: 6143 K (6144 K)][Rescan (parallel) , 0.0073294 secs][weak refs processing, 0.0000149 secs][class unloading, 0.0006055 secs][scrub symbol table, 0.0004608 secs][scrub string table, 0.0002107 secs][1 CMS-remark: 13695K(13696K)] 19839K(19840K), 0.0088428 secs] [Times: user=0.02 sys=0.00, real=0.01 secs] 
[CMS-concurrent-sweep-start]
[CMS-concurrent-sweep: 0.006/0.006 secs] [Times: user=0.01 sys=0.00, real=0.01 secs] 
[CMS-concurrent-reset-start]
[CMS-concurrent-reset: 0.000/0.000 secs] [Times: user=0.00 sys=0.00, real=0.00 secs] 
[GC (Allocation Failure) [ParNew: 6143K->6143K(6144K), 0.0000285 secs][CMS: 13695K->13695K(13696K), 0.0516770 secs] 19839K->19837K(19840K), [Metaspace: 3886K->3886K(1056768K)], 0.0518071 secs] [Times: user=0.05 sys=0.00, real=0.05 secs] 
[GC (CMS Initial Mark) [1 CMS-initial-mark: 13695K(13696K)] 19837K(19840K), 0.0055625 secs] [Times: user=0.01 sys=0.00, real=0.00 secs] 
[CMS-concurrent-mark-start]
[CMS-concurrent-mark: 0.016/0.016 secs] [Times: user=0.01 sys=0.00, real=0.02 secs] 
[CMS-concurrent-preclean-start]
[Full GC (Allocation Failure) [CMS[CMS-concurrent-preclean: 0.014/0.015 secs] [Times: user=0.02 sys=0.00, real=0.01 secs] 
 (concurrent mode failure): 13695K->13695K(13696K), 0.0529695 secs] 19839K->19837K(19840K), [Metaspace: 3886K->3886K(1056768K)], 0.0531253 secs] [Times: user=0.05 sys=0.00, real=0.06 secs] 
[Full GC (Allocation Failure) [CMS: 13695K->13695K(13696K), 0.0544569 secs] 19839K->19837K(19840K), [Metaspace: 3886K->3886K(1056768K)], 0.0545956 secs] [Times: user=0.05 sys=0.00, real=0.06 secs] 
[GC (CMS Initial Mark) [1 CMS-initial-mark: 13695K(13696K)] 19837K(19840K), 0.0068423 secs] [Times: user=0.01 sys=0.00, real=0.01 secs] 
[CMS-concurrent-mark-start]
[Full GC (Allocation Failure) [CMS[CMS-concurrent-mark: 0.018/0.018 secs] [Times: user=0.02 sys=0.00, real=0.01 secs] 
 (concurrent mode failure): 13695K->13695K(13696K), 0.0671872 secs] 19839K->19837K(19840K), [Metaspace: 3886K->3886K(1056768K)], 0.0672823 secs] [Times: user=0.06 sys=0.00, real=0.07 secs] 
[Full GC (Allocation Failure) [CMS: 13695K->13695K(13696K), 0.0539273 secs] 19839K->19837K(19840K), [Metaspace: 3886K->3886K(1056768K)], 0.0540473 secs] [Times: user=0.05 sys=0.00, real=0.05 secs] 
[GC (CMS Initial Mark) [1 CMS-initial-mark: 13695K(13696K)] 19837K(19840K), 0.0057317 secs] [Times: user=0.00 sys=0.00, real=0.01 secs] 
[CMS-concurrent-mark-start]
[Full GC (Allocation Failure) [CMS[CMS-concurrent-mark: 0.017/0.017 secs] [Times: user=0.02 sys=0.01, real=0.02 secs] 
 (concurrent mode failure): 13695K->13695K(13696K), 0.0673035 secs] 19839K->19837K(19840K), [Metaspace: 3886K->3886K(1056768K)], 0.0673937 secs] [Times: user=0.07 sys=0.00, real=0.07 secs] 
[Full GC (Allocation Failure) [CMS: 13695K->13695K(13696K), 0.0532416 secs] 19839K->19837K(19840K), [Metaspace: 3886K->3886K(1056768K)], 0.0533615 secs] [Times: user=0.05 sys=0.00, real=0.06 secs] 
[GC (CMS Initial Mark) [1 CMS-initial-mark: 13695K(13696K)] 19837K(19840K), 0.0055499 secs] [Times: user=0.01 sys=0.00, real=0.00 secs] 
[CMS-concurrent-mark-start]
[Full GC (Allocation Failure) [CMS[CMS-concurrent-mark: 0.016/0.016 secs] [Times: user=0.01 sys=0.00, real=0.02 secs] 
 (concurrent mode failure): 13695K->13695K(13696K), 0.0705050 secs] 19839K->19837K(19840K), [Metaspace: 3886K->3886K(1056768K)], 0.0706173 secs] [Times: user=0.07 sys=0.00, real=0.07 secs] 
[Full GC (Allocation Failure) [CMS: 13695K->13695K(13696K), 0.0525087 secs] 19839K->19837K(19840K), [Metaspace: 3886K->3886K(1056768K)], 0.0526075 secs] [Times: user=0.05 sys=0.00, real=0.05 secs] 
[GC (CMS Initial Mark) [1 CMS-initial-mark: 13695K(13696K)] 19837K(19840K), 0.0066774 secs] [Times: user=0.01 sys=0.00, real=0.01 secs] 
[CMS-concurrent-mark-start]
[Full GC (Allocation Failure) [CMS[CMS-concurrent-mark: 0.017/0.017 secs] [Times: user=0.02 sys=0.01, real=0.01 secs] 
 (concurrent mode failure): 13695K->13695K(13696K), 0.0659552 secs] 19839K->19837K(19840K), [Metaspace: 3886K->3886K(1056768K)], 0.0661025 secs] [Times: user=0.07 sys=0.00, real=0.06 secs] 
[Full GC (Allocation Failure) [CMS: 13695K->13695K(13696K), 0.0535559 secs] 19839K->19837K(19840K), [Metaspace: 3886K->3886K(1056768K)], 0.0536461 secs] [Times: user=0.05 sys=0.00, real=0.05 secs] 
[GC (CMS Initial Mark) [1 CMS-initial-mark: 13695K(13696K)] 19837K(19840K), 0.0061590 secs] [Times: user=0.01 sys=0.00, real=0.01 secs] 
[CMS-concurrent-mark-start]
[Full GC (Allocation Failure) [CMS[CMS-concurrent-mark: 0.016/0.016 secs] [Times: user=0.02 sys=0.00, real=0.01 secs] 
 (concurrent mode failure): 13695K->13695K(13696K), 0.0674205 secs] 19839K->19837K(19840K), [Metaspace: 3886K->3886K(1056768K)], 0.0675258 secs] [Times: user=0.07 sys=0.00, real=0.07 secs] 
[Full GC (Allocation Failure) [CMS: 13695K->13695K(13696K), 0.0512873 secs] 19839K->19837K(19840K), [Metaspace: 3886K->3886K(1056768K)], 0.0513918 secs] [Times: user=0.05 sys=0.00, real=0.05 secs] 
[GC (CMS Initial Mark) [1 CMS-initial-mark: 13695K(13696K)] 19837K(19840K), 0.0057733 secs] [Times: user=0.01 sys=0.00, real=0.01 secs] 
[CMS-concurrent-mark-start]
[Full GC (Allocation Failure) [CMS[CMS-concurrent-mark: 0.017/0.017 secs] [Times: user=0.02 sys=0.00, real=0.02 secs] 
 (concurrent mode failure): 13695K->13695K(13696K), 0.0666199 secs] 19839K->19837K(19840K), [Metaspace: 3886K->3886K(1056768K)], 0.0667088 secs] [Times: user=0.06 sys=0.00, real=0.07 secs] 
[Full GC (Allocation Failure) [CMS: 13695K->13695K(13696K), 0.0500570 secs] 19839K->19837K(19840K), [Metaspace: 3886K->3886K(1056768K)], 0.0501527 secs] [Times: user=0.05 sys=0.00, real=0.05 secs] 
[GC (CMS Initial Mark) [1 CMS-initial-mark: 13695K(13696K)] 19837K(19840K), 0.0057391 secs] [Times: user=0.01 sys=0.00, real=0.01 secs] 
[CMS-concurrent-mark-start]
[Full GC (Allocation Failure) [CMS[CMS-concurrent-mark: 0.016/0.016 secs] [Times: user=0.02 sys=0.00, real=0.01 secs] 
 (concurrent mode failure): 13695K->13695K(13696K), 0.0677342 secs] 19839K->19837K(19840K), [Metaspace: 3886K->3886K(1056768K)], 0.0678369 secs] [Times: user=0.07 sys=0.00, real=0.07 secs] 
[Full GC (Allocation Failure) [CMS: 13695K->13695K(13696K), 0.0520894 secs] 19839K->19837K(19840K), [Metaspace: 3886K->3886K(1056768K)], 0.0522273 secs] [Times: user=0.05 sys=0.00, real=0.05 secs] 
[GC (CMS Initial Mark) [1 CMS-initial-mark: 13695K(13696K)] 19837K(19840K), 0.0057045 secs] [Times: user=0.01 sys=0.00, real=0.01 secs] 
[CMS-concurrent-mark-start]
[Full GC (Allocation Failure) [CMS[CMS-concurrent-mark: 0.016/0.016 secs] [Times: user=0.02 sys=0.00, real=0.01 secs] 
 (concurrent mode failure): 13695K->13695K(13696K), 0.0649479 secs] 19839K->19837K(19840K), [Metaspace: 3886K->3886K(1056768K)], 0.0650209 secs] [Times: user=0.07 sys=0.00, real=0.06 secs] 
[Full GC (Allocation Failure) [CMS: 13695K->13695K(13696K), 0.0510053 secs] 19839K->19837K(19840K), [Metaspace: 3886K->3886K(1056768K)], 0.0511331 secs] [Times: user=0.05 sys=0.00, real=0.05 secs] 
[GC (CMS Initial Mark) [1 CMS-initial-mark: 13695K(13696K)] 19837K(19840K), 0.0060809 secs] [Times: user=0.01 sys=0.00, real=0.01 secs] 
[CMS-concurrent-mark-start]
[Full GC (Allocation Failure) [CMS[CMS-concurrent-mark: 0.017/0.017 secs] [Times: user=0.02 sys=0.00, real=0.01 secs] 
 (concurrent mode failure): 13695K->13695K(13696K), 0.0668237 secs] 19839K->19837K(19840K), [Metaspace: 3886K->3886K(1056768K)], 0.0669655 secs] [Times: user=0.07 sys=0.01, real=0.06 secs] 
[Full GC (Allocation Failure) [CMS: 13695K->13695K(13696K), 0.0510840 secs] 19839K->19837K(19840K), [Metaspace: 3886K->3886K(1056768K)], 0.0511805 secs] [Times: user=0.05 sys=0.00, real=0.05 secs] 
[GC (CMS Initial Mark) [1 CMS-initial-mark: 13695K(13696K)] 19837K(19840K), 0.0062064 secs] [Times: user=0.01 sys=0.00, real=0.01 secs] 
[CMS-concurrent-mark-start]
[Full GC (Allocation Failure) [CMS[CMS-concurrent-mark: 0.018/0.018 secs] [Times: user=0.02 sys=0.00, real=0.01 secs] 
 (concurrent mode failure): 13695K->13695K(13696K), 0.0686993 secs] 19839K->19837K(19840K), [Metaspace: 3886K->3886K(1056768K)], 0.0687868 secs] [Times: user=0.06 sys=0.00, real=0.07 secs] 
[Full GC (Allocation Failure) [CMS: 13695K->13695K(13696K), 0.0513052 secs] 19839K->19837K(19840K), [Metaspace: 3886K->3886K(1056768K)], 0.0514193 secs] [Times: user=0.05 sys=0.00, real=0.05 secs] 
[GC (CMS Initial Mark) [1 CMS-initial-mark: 13695K(13696K)] 19837K(19840K), 0.0056197 secs] [Times: user=0.01 sys=0.00, real=0.01 secs] 
[CMS-concurrent-mark-start]
[Full GC (Allocation Failure) [CMS[CMS-concurrent-mark: 0.018/0.018 secs] [Times: user=0.02 sys=0.01, real=0.02 secs] 
 (concurrent mode failure): 13695K->13695K(13696K), 0.0696856 secs] 19839K->19837K(19840K), [Metaspace: 3886K->3886K(1056768K)], 0.0697691 secs] [Times: user=0.06 sys=0.00, real=0.07 secs] 
[Full GC (Allocation Failure) [CMS: 13695K->13695K(13696K), 0.0521373 secs] 19839K->19837K(19840K), [Metaspace: 3886K->3886K(1056768K)], 0.0522377 secs] [Times: user=0.05 sys=0.00, real=0.06 secs] 
[GC (CMS Initial Mark) [1 CMS-initial-mark: 13695K(13696K)] 19837K(19840K), 0.0057752 secs] [Times: user=0.00 sys=0.00, real=0.00 secs] 
[CMS-concurrent-mark-start]
[Full GC (Allocation Failure) [CMS[CMS-concurrent-mark: 0.018/0.019 secs] [Times: user=0.02 sys=0.00, real=0.02 secs] 
 (concurrent mode failure): 13695K->13695K(13696K), 0.0690990 secs] 19839K->19837K(19840K), [Metaspace: 3886K->3886K(1056768K)], 0.0691872 secs] [Times: user=0.07 sys=0.00, real=0.06 secs] 
[Full GC (Allocation Failure) [CMS: 13695K->13695K(13696K), 0.0541258 secs] 19839K->19837K(19840K), [Metaspace: 3886K->3886K(1056768K)], 0.0542378 secs] [Times: user=0.05 sys=0.00, real=0.05 secs] 
[GC (CMS Initial Mark) [1 CMS-initial-mark: 13695K(13696K)] 19837K(19840K), 0.0062453 secs] [Times: user=0.01 sys=0.00, real=0.01 secs] 
[CMS-concurrent-mark-start]
[Full GC (Allocation Failure) [CMS[CMS-concurrent-mark: 0.017/0.018 secs] [Times: user=0.02 sys=0.00, real=0.02 secs] 
 (concurrent mode failure): 13695K->13695K(13696K), 0.0685755 secs] 19839K->19837K(19840K), [Metaspace: 3886K->3886K(1056768K)], 0.0686862 secs] [Times: user=0.07 sys=0.00, real=0.07 secs] 
[Full GC (Allocation Failure) [CMS: 13695K->13695K(13696K), 0.0520189 secs] 19839K->19837K(19840K), [Metaspace: 3886K->3886K(1056768K)], 0.0521102 secs] [Times: user=0.05 sys=0.00, real=0.06 secs] 
[GC (CMS Initial Mark) [1 CMS-initial-mark: 13695K(13696K)] 19837K(19840K), 0.0059234 secs] [Times: user=0.01 sys=0.00, real=0.00 secs] 
[CMS-concurrent-mark-start]
[CMS-concurrent-mark: 0.017/0.017 secs] [Times: user=0.02 sys=0.00, real=0.02 secs] 
[CMS-concurrent-preclean-start]
[CMS-concurrent-preclean: 0.015/0.015 secs] [Times: user=0.01 sys=0.00, real=0.01 secs] 
[CMS-concurrent-abortable-preclean-start]
[CMS-concurrent-abortable-preclean: 0.000/0.000 secs] [Times: user=0.00 sys=0.00, real=0.00 secs] 
[GC (CMS Final Remark) [YG occupancy: 6143 K (6144 K)][Rescan (parallel) , 0.0071588 secs][weak refs processing, 0.0000150 secs][class unloading, 0.0006178 secs][scrub symbol table, 0.0004327 secs][scrub string table, 0.0001713 secs][1 CMS-remark: 13695K(13696K)] 19839K(19840K), 0.0085372 secs] [Times: user=0.03 sys=0.00, real=0.01 secs] 
[CMS-concurrent-sweep-start]
[CMS-concurrent-sweep: 0.007/0.007 secs] [Times: user=0.01 sys=0.01, real=0.01 secs] 
[CMS-concurrent-reset-start]
[CMS-concurrent-reset: 0.000/0.000 secs] [Times: user=0.00 sys=0.00, real=0.00 secs] 
[GC (Allocation Failure) [ParNew: 6143K->6143K(6144K), 0.0000384 secs][CMS: 13695K->13695K(13696K), 0.0517140 secs] 19839K->19837K(19840K), [Metaspace: 3886K->3886K(1056768K)], 0.0518567 secs] [Times: user=0.05 sys=0.00, real=0.05 secs] 
[GC (CMS Initial Mark) [1 CMS-initial-mark: 13695K(13696K)] 19837K(19840K), 0.0062053 secs] [Times: user=0.00 sys=0.00, real=0.01 secs] 
[CMS-concurrent-mark-start]
[Full GC (Allocation Failure) [CMS[CMS-concurrent-mark: 0.017/0.017 secs] [Times: user=0.02 sys=0.00, real=0.02 secs] 
 (concurrent mode failure): 13695K->13695K(13696K), 0.0671201 secs] 19839K->19837K(19840K), [Metaspace: 3886K->3886K(1056768K)], 0.0672331 secs] [Times: user=0.07 sys=0.00, real=0.06 secs] 
[Full GC (Allocation Failure) [CMS: 13695K->13695K(13696K), 0.0535449 secs] 19839K->19837K(19840K), [Metaspace: 3886K->3886K(1056768K)], 0.0536550 secs] [Times: user=0.05 sys=0.00, real=0.06 secs] 
[GC (CMS Initial Mark) [1 CMS-initial-mark: 13695K(13696K)] 19837K(19840K), 0.0063515 secs] [Times: user=0.01 sys=0.00, real=0.01 secs] 
[CMS-concurrent-mark-start]
[Full GC (Allocation Failure) [CMS[CMS-concurrent-mark: 0.016/0.017 secs] [Times: user=0.02 sys=0.01, real=0.01 secs] 
 (concurrent mode failure): 13695K->13695K(13696K), 0.0643941 secs] 19839K->19837K(19840K), [Metaspace: 3886K->3886K(1056768K)], 0.0644904 secs] [Times: user=0.07 sys=0.00, real=0.06 secs] 
[Full GC (Allocation Failure) [CMS: 13695K->13695K(13696K), 0.0523759 secs] 19839K->19837K(19840K), [Metaspace: 3886K->3886K(1056768K)], 0.0525205 secs] [Times: user=0.05 sys=0.00, real=0.06 secs] 
[GC (CMS Initial Mark) [1 CMS-initial-mark: 13695K(13696K)] 19837K(19840K), 0.0055947 secs] [Times: user=0.01 sys=0.00, real=0.00 secs] 
[CMS-concurrent-mark-start]
[Full GC (Allocation Failure) [CMS[CMS-concurrent-mark: 0.016/0.016 secs] [Times: user=0.01 sys=0.00, real=0.02 secs] 
 (concurrent mode failure): 13695K->13695K(13696K), 0.0686595 secs] 19839K->19837K(19840K), [Metaspace: 3886K->3886K(1056768K)], 0.0687730 secs] [Times: user=0.07 sys=0.00, real=0.06 secs] 
[Full GC (Allocation Failure) [CMS: 13695K->13695K(13696K), 0.0519204 secs] 19839K->19837K(19840K), [Metaspace: 3886K->3886K(1056768K)], 0.0520676 secs] [Times: user=0.05 sys=0.00, real=0.05 secs] 
[GC (CMS Initial Mark) [1 CMS-initial-mark: 13695K(13696K)] 19837K(19840K), 0.0065529 secs] [Times: user=0.01 sys=0.00, real=0.01 secs] 
[CMS-concurrent-mark-start]
[Full GC (Allocation Failure) [CMS[CMS-concurrent-mark: 0.016/0.017 secs] [Times: user=0.02 sys=0.01, real=0.01 secs] 
 (concurrent mode failure): 13695K->13695K(13696K), 0.0714872 secs] 19839K->19837K(19840K), [Metaspace: 3886K->3886K(1056768K)], 0.0716031 secs] [Times: user=0.07 sys=0.00, real=0.07 secs] 
[Full GC (Allocation Failure) [CMS: 13695K->13695K(13696K), 0.0587707 secs] 19839K->19837K(19840K), [Metaspace: 3886K->3886K(1056768K)], 0.0588635 secs] [Times: user=0.06 sys=0.00, real=0.06 secs] 
[GC (CMS Initial Mark) [1 CMS-initial-mark: 13695K(13696K)] 19837K(19840K), 0.0064262 secs] [Times: user=0.00 sys=0.00, real=0.01 secs] 
[CMS-concurrent-mark-start]
[Full GC (Allocation Failure) [CMS[CMS-concurrent-mark: 0.016/0.017 secs] [Times: user=0.02 sys=0.00, real=0.01 secs] 
 (concurrent mode failure): 13695K->13695K(13696K), 0.0644704 secs] 19839K->19837K(19840K), [Metaspace: 3886K->3886K(1056768K)], 0.0645618 secs] [Times: user=0.06 sys=0.00, real=0.07 secs] 
[Full GC (Allocation Failure) [CMS: 13695K->13695K(13696K), 0.0547666 secs] 19839K->19837K(19840K), [Metaspace: 3886K->3886K(1056768K)], 0.0548631 secs] [Times: user=0.06 sys=0.01, real=0.05 secs] 
[GC (CMS Initial Mark) [1 CMS-initial-mark: 13695K(13696K)] 19837K(19840K), 0.0055555 secs] [Times: user=0.00 sys=0.00, real=0.01 secs] 
[CMS-concurrent-mark-start]
[Full GC (Allocation Failure) [CMS[CMS-concurrent-mark: 0.016/0.016 secs] [Times: user=0.02 sys=0.00, real=0.02 secs] 
 (concurrent mode failure): 13695K->13695K(13696K), 0.0668093 secs] 19839K->19837K(19840K), [Metaspace: 3886K->3886K(1056768K)], 0.0669057 secs] [Times: user=0.06 sys=0.00, real=0.07 secs] 
[Full GC (Allocation Failure) [CMS: 13695K->13695K(13696K), 0.0590442 secs] 19839K->19837K(19840K), [Metaspace: 3886K->3886K(1056768K)], 0.0591625 secs] [Times: user=0.06 sys=0.00, real=0.06 secs] 
[GC (CMS Initial Mark) [1 CMS-initial-mark: 13695K(13696K)] 19837K(19840K), 0.0067988 secs] [Times: user=0.01 sys=0.00, real=0.01 secs] 
[CMS-concurrent-mark-start]
[CMS-concurrent-mark: 0.017/0.017 secs] [Times: user=0.01 sys=0.00, real=0.01 secs] 
[CMS-concurrent-preclean-start]
[CMS-concurrent-preclean: 0.017/0.017 secs] [Times: user=0.02 sys=0.00, real=0.02 secs] 
[CMS-concurrent-abortable-preclean-start]
[CMS-concurrent-abortable-preclean: 0.000/0.000 secs] [Times: user=0.00 sys=0.00, real=0.00 secs] 
[GC (CMS Final Remark) [YG occupancy: 6142 K (6144 K)][Rescan (parallel) , 0.0079444 secs][weak refs processing, 0.0000198 secs][class unloading, 0.0006339 secs][scrub symbol table, 0.0004374 secs][scrub string table, 0.0001628 secs][1 CMS-remark: 13695K(13696K)] 19838K(19840K), 0.0093847 secs] [Times: user=0.03 sys=0.00, real=0.01 secs] 
[CMS-concurrent-sweep-start]
[CMS-concurrent-sweep: 0.007/0.007 secs] [Times: user=0.00 sys=0.00, real=0.01 secs] 
[CMS-concurrent-reset-start]
[CMS-concurrent-reset: 0.000/0.000 secs] [Times: user=0.00 sys=0.00, real=0.00 secs] 
[GC (Allocation Failure) [ParNew: 6143K->6143K(6144K), 0.0000386 secs][CMS: 13695K->13695K(13696K), 0.0560004 secs] 19839K->19837K(19840K), [Metaspace: 3886K->3886K(1056768K)], 0.0561519 secs] [Times: user=0.06 sys=0.00, real=0.05 secs] 
[GC (CMS Initial Mark) [1 CMS-initial-mark: 13695K(13696K)] 19837K(19840K), 0.0074715 secs] [Times: user=0.00 sys=0.01, real=0.01 secs] 
[CMS-concurrent-mark-start]
[CMS-concurrent-mark: 0.017/0.017 secs] [Times: user=0.02 sys=0.00, real=0.02 secs] 
[CMS-concurrent-preclean-start]
[CMS-concurrent-preclean: 0.015/0.015 secs] [Times: user=0.02 sys=0.00, real=0.01 secs] 
[CMS-concurrent-abortable-preclean-start]
[CMS-concurrent-abortable-preclean: 0.000/0.000 secs] [Times: user=0.00 sys=0.00, real=0.00 secs] 
[GC (CMS Final Remark) [YG occupancy: 6142 K (6144 K)][Rescan (parallel) , 0.0079192 secs][weak refs processing, 0.0000196 secs][class unloading, 0.0006901 secs][scrub symbol table, 0.0005827 secs][scrub string table, 0.0003250 secs][1 CMS-remark: 13695K(13696K)] 19838K(19840K), 0.0098533 secs] [Times: user=0.02 sys=0.00, real=0.01 secs] 
[CMS-concurrent-sweep-start]
[CMS-concurrent-sweep: 0.006/0.006 secs] [Times: user=0.01 sys=0.00, real=0.01 secs] 
[CMS-concurrent-reset-start]
[CMS-concurrent-reset: 0.000/0.000 secs] [Times: user=0.00 sys=0.00, real=0.00 secs] 
[GC (Allocation Failure) [ParNew: 6143K->6143K(6144K), 0.0000387 secs][CMS: 13695K->13695K(13696K), 0.0556058 secs] 19839K->19837K(19840K), [Metaspace: 3886K->3886K(1056768K)], 0.0557600 secs] [Times: user=0.05 sys=0.00, real=0.06 secs] 
[GC (CMS Initial Mark) [1 CMS-initial-mark: 13695K(13696K)] 19837K(19840K), 0.0055589 secs] [Times: user=0.01 sys=0.00, real=0.01 secs] 
[CMS-concurrent-mark-start]
[Full GC (Allocation Failure) [CMS[CMS-concurrent-mark: 0.017/0.018 secs] [Times: user=0.02 sys=0.00, real=0.01 secs] 
 (concurrent mode failure): 13695K->13695K(13696K), 0.0649105 secs] 19839K->19837K(19840K), [Metaspace: 3886K->3886K(1056768K)], 0.0650502 secs] [Times: user=0.06 sys=0.00, real=0.07 secs] 
[Full GC (Allocation Failure) [CMS: 13695K->13695K(13696K), 0.0553207 secs] 19839K->19837K(19840K), [Metaspace: 3886K->3886K(1056768K)], 0.0554145 secs] [Times: user=0.05 sys=0.01, real=0.06 secs] 
[GC (CMS Initial Mark) [1 CMS-initial-mark: 13695K(13696K)] 19837K(19840K), 0.0068225 secs] [Times: user=0.01 sys=0.00, real=0.00 secs] 
[CMS-concurrent-mark-start]
[Full GC (Allocation Failure) [CMS[CMS-concurrent-mark: 0.018/0.019 secs] [Times: user=0.02 sys=0.00, real=0.01 secs] 
 (concurrent mode failure): 13695K->13695K(13696K), 0.0698292 secs] 19839K->19837K(19840K), [Metaspace: 3886K->3886K(1056768K)], 0.0699295 secs] [Times: user=0.07 sys=0.00, real=0.07 secs] 
[Full GC (Allocation Failure) [CMS: 13695K->13695K(13696K), 0.0522902 secs] 19839K->19837K(19840K), [Metaspace: 3886K->3886K(1056768K)], 0.0523958 secs] [Times: user=0.05 sys=0.00, real=0.05 secs] 
[GC (CMS Initial Mark) [1 CMS-initial-mark: 13695K(13696K)] 19837K(19840K), 0.0061275 secs] [Times: user=0.01 sys=0.00, real=0.01 secs] 
[CMS-concurrent-mark-start]
[Full GC (Allocation Failure) [CMS[CMS-concurrent-mark: 0.016/0.016 secs] [Times: user=0.02 sys=0.00, real=0.02 secs] 
 (concurrent mode failure): 13695K->13695K(13696K), 0.0678939 secs] 19839K->19837K(19840K), [Metaspace: 3886K->3886K(1056768K)], 0.0680048 secs] [Times: user=0.07 sys=0.00, real=0.07 secs] 
[Full GC (Allocation Failure) [CMS: 13695K->13695K(13696K), 0.0525600 secs] 19839K->19837K(19840K), [Metaspace: 3886K->3886K(1056768K)], 0.0526672 secs] [Times: user=0.05 sys=0.00, real=0.06 secs] 
[GC (CMS Initial Mark) [1 CMS-initial-mark: 13695K(13696K)] 19837K(19840K), 0.0056791 secs] [Times: user=0.01 sys=0.00, real=0.00 secs] 
[CMS-concurrent-mark-start]
[Full GC (Allocation Failure) [CMS[CMS-concurrent-mark: 0.017/0.017 secs] [Times: user=0.02 sys=0.00, real=0.02 secs] 
 (concurrent mode failure): 13695K->13695K(13696K), 0.0681477 secs] 19839K->19837K(19840K), [Metaspace: 3886K->3886K(1056768K)], 0.0682158 secs] [Times: user=0.07 sys=0.00, real=0.07 secs] 
[Full GC (Allocation Failure) [CMS: 13695K->13695K(13696K), 0.0516896 secs] 19839K->19837K(19840K), [Metaspace: 3886K->3886K(1056768K)], 0.0518211 secs] [Times: user=0.05 sys=0.00, real=0.06 secs] 
[GC (CMS Initial Mark) [1 CMS-initial-mark: 13695K(13696K)] 19837K(19840K), 0.0066637 secs] [Times: user=0.01 sys=0.00, real=0.00 secs] 
[CMS-concurrent-mark-start]
[Full GC (Allocation Failure) [CMS[CMS-concurrent-mark: 0.017/0.017 secs] [Times: user=0.02 sys=0.00, real=0.02 secs] 
 (concurrent mode failure): 13695K->13695K(13696K), 0.0733225 secs] 19839K->19837K(19840K), [Metaspace: 3886K->3886K(1056768K)], 0.0734227 secs] [Times: user=0.07 sys=0.01, real=0.07 secs] 
[Full GC (Allocation Failure) [CMS: 13695K->13695K(13696K), 0.0569557 secs] 19839K->19837K(19840K), [Metaspace: 3886K->3886K(1056768K)], 0.0570583 secs] [Times: user=0.05 sys=0.00, real=0.06 secs] 
[GC (CMS Initial Mark) [1 CMS-initial-mark: 13695K(13696K)] 19837K(19840K), 0.0062954 secs] [Times: user=0.01 sys=0.00, real=0.01 secs] 
[CMS-concurrent-mark-start]
[Full GC (Allocation Failure) [CMS[CMS-concurrent-mark: 0.020/0.021 secs] [Times: user=0.02 sys=0.00, real=0.02 secs] 
 (concurrent mode failure): 13695K->13695K(13696K), 0.0770200 secs] 19839K->19837K(19840K), [Metaspace: 3886K->3886K(1056768K)], 0.0771099 secs] [Times: user=0.07 sys=0.00, real=0.08 secs] 
[Full GC (Allocation Failure) [CMS: 13695K->13695K(13696K), 0.0545319 secs] 19839K->19837K(19840K), [Metaspace: 3886K->3886K(1056768K)], 0.0546286 secs] [Times: user=0.05 sys=0.01, real=0.05 secs] 
[GC (CMS Initial Mark) [1 CMS-initial-mark: 13695K(13696K)] 19837K(19840K), 0.0057506 secs] [Times: user=0.01 sys=0.00, real=0.01 secs] 
[CMS-concurrent-mark-start]
[Full GC (Allocation Failure) [CMS[CMS-concurrent-mark: 0.018/0.018 secs] [Times: user=0.02 sys=0.00, real=0.02 secs] 
 (concurrent mode failure): 13695K->13695K(13696K), 0.0746071 secs] 19839K->19837K(19840K), [Metaspace: 3886K->3886K(1056768K)], 0.0747130 secs] [Times: user=0.07 sys=0.00, real=0.08 secs] 
[Full GC (Allocation Failure) [CMS: 13695K->13695K(13696K), 0.0562923 secs] 19839K->19837K(19840K), [Metaspace: 3886K->3886K(1056768K)], 0.0564202 secs] [Times: user=0.06 sys=0.00, real=0.06 secs] 
[GC (CMS Initial Mark) [1 CMS-initial-mark: 13695K(13696K)] 19837K(19840K), 0.0076273 secs] [Times: user=0.00 sys=0.00, real=0.01 secs] 
[CMS-concurrent-mark-start]
[Full GC (Allocation Failure) [CMS[CMS-concurrent-mark: 0.021/0.021 secs] [Times: user=0.03 sys=0.00, real=0.02 secs] 
 (concurrent mode failure): 13695K->13695K(13696K), 0.0787429 secs] 19839K->19837K(19840K), [Metaspace: 3886K->3886K(1056768K)], 0.0788246 secs] [Times: user=0.07 sys=0.01, real=0.08 secs] 
[Full GC (Allocation Failure) [CMS: 13695K->13695K(13696K), 0.0584089 secs] 19839K->19837K(19840K), [Metaspace: 3886K->3886K(1056768K)], 0.0585374 secs] [Times: user=0.05 sys=0.00, real=0.06 secs] 
[GC (CMS Initial Mark) [1 CMS-initial-mark: 13695K(13696K)] 19837K(19840K), 0.0069451 secs] [Times: user=0.01 sys=0.00, real=0.01 secs] 
[CMS-concurrent-mark-start]
[Full GC (Allocation Failure) [CMS[CMS-concurrent-mark: 0.017/0.018 secs] [Times: user=0.02 sys=0.00, real=0.01 secs] 
 (concurrent mode failure): 13695K->13695K(13696K), 0.0752740 secs] 19839K->19837K(19840K), [Metaspace: 3886K->3886K(1056768K)], 0.0753572 secs] [Times: user=0.08 sys=0.00, real=0.07 secs] 
[Full GC (Allocation Failure) [CMS: 13695K->13695K(13696K), 0.0614377 secs] 19839K->19837K(19840K), [Metaspace: 3886K->3886K(1056768K)], 0.0615728 secs] [Times: user=0.06 sys=0.01, real=0.06 secs] 
[GC (CMS Initial Mark) [1 CMS-initial-mark: 13695K(13696K)] 19837K(19840K), 0.0075281 secs] [Times: user=0.00 sys=0.00, real=0.01 secs] 
[CMS-concurrent-mark-start]
[CMS-concurrent-mark: 0.022/0.022 secs] [Times: user=0.03 sys=0.00, real=0.02 secs] 
[CMS-concurrent-preclean-start]
[CMS-concurrent-preclean: 0.016/0.016 secs] [Times: user=0.02 sys=0.00, real=0.01 secs] 
[CMS-concurrent-abortable-preclean-start]
[CMS-concurrent-abortable-preclean: 0.000/0.000 secs] [Times: user=0.00 sys=0.00, real=0.00 secs] 
[GC (CMS Final Remark) [YG occupancy: 6143 K (6144 K)][Rescan (parallel) , 0.0103482 secs][weak refs processing, 0.0000218 secs][class unloading, 0.0007137 secs][scrub symbol table, 0.0005767 secs][scrub string table, 0.0003532 secs][1 CMS-remark: 13695K(13696K)] 19839K(19840K), 0.0122471 secs] [Times: user=0.02 sys=0.00, real=0.01 secs] 
[CMS-concurrent-sweep-start]
[Full GC (Allocation Failure) [CMS[CMS-concurrent-sweep: 0.007/0.007 secs] [Times: user=0.00 sys=0.00, real=0.00 secs] 
 (concurrent mode failure): 13695K->13695K(13696K), 0.0598828 secs] 19839K->19837K(19840K), [Metaspace: 3886K->3886K(1056768K)], 0.0600013 secs] [Times: user=0.06 sys=0.00, real=0.06 secs] 
[Full GC (Allocation Failure) [CMS: 13695K->13695K(13696K), 0.0539639 secs] 19839K->19837K(19840K), [Metaspace: 3886K->3886K(1056768K)], 0.0541223 secs] [Times: user=0.05 sys=0.00, real=0.05 secs] 
[GC (CMS Initial Mark) [1 CMS-initial-mark: 13695K(13696K)] 19837K(19840K), 0.0055445 secs] [Times: user=0.01 sys=0.00, real=0.01 secs] 
[CMS-concurrent-mark-start]
[Full GC (Allocation Failure) [CMS[CMS-concurrent-mark: 0.016/0.017 secs] [Times: user=0.02 sys=0.00, real=0.01 secs] 
 (concurrent mode failure): 13695K->13695K(13696K), 0.0762441 secs] 19839K->19837K(19840K), [Metaspace: 3886K->3886K(1056768K)], 0.0763242 secs] [Times: user=0.08 sys=0.01, real=0.08 secs] 
[Full GC (Allocation Failure) [CMS: 13695K->13695K(13696K), 0.0593556 secs] 19839K->19837K(19840K), [Metaspace: 3886K->3886K(1056768K)], 0.0596835 secs] [Times: user=0.05 sys=0.00, real=0.06 secs] 
[GC (CMS Initial Mark) [1 CMS-initial-mark: 13695K(13696K)] 19837K(19840K), 0.0063887 secs] [Times: user=0.00 sys=0.00, real=0.00 secs] 
[CMS-concurrent-mark-start]
[Full GC (Allocation Failure) [CMS[CMS-concurrent-mark: 0.020/0.020 secs] [Times: user=0.03 sys=0.00, real=0.02 secs] 
 (concurrent mode failure): 13695K->13695K(13696K), 0.0707399 secs] 19839K->19837K(19840K), [Metaspace: 3886K->3886K(1056768K)], 0.0708391 secs] [Times: user=0.07 sys=0.00, real=0.07 secs] 
[Full GC (Allocation Failure) [CMS: 13695K->13695K(13696K), 0.0563056 secs] 19839K->19837K(19840K), [Metaspace: 3886K->3886K(1056768K)], 0.0563881 secs] [Times: user=0.06 sys=0.00, real=0.06 secs] 
[GC (CMS Initial Mark) [1 CMS-initial-mark: 13695K(13696K)] 19837K(19840K), 0.0062653 secs] [Times: user=0.00 sys=0.00, real=0.01 secs] 
[CMS-concurrent-mark-start]
[Full GC (Allocation Failure) [CMS[CMS-concurrent-mark: 0.017/0.018 secs] [Times: user=0.02 sys=0.00, real=0.02 secs] 
 (concurrent mode failure): 13695K->13695K(13696K), 0.0732832 secs] 19839K->19837K(19840K), [Metaspace: 3886K->3886K(1056768K)], 0.0733782 secs] [Times: user=0.07 sys=0.00, real=0.07 secs] 
[Full GC (Allocation Failure) [CMS: 13695K->13695K(13696K), 0.0582462 secs] 19839K->19837K(19840K), [Metaspace: 3886K->3886K(1056768K)], 0.0583429 secs] [Times: user=0.06 sys=0.00, real=0.05 secs] 
[GC (CMS Initial Mark) [1 CMS-initial-mark: 13695K(13696K)] 19837K(19840K), 0.0064440 secs] [Times: user=0.00 sys=0.00, real=0.01 secs] 
[CMS-concurrent-mark-start]
[Full GC (Allocation Failure) [CMS[CMS-concurrent-mark: 0.019/0.019 secs] [Times: user=0.03 sys=0.00, real=0.02 secs] 
 (concurrent mode failure): 13695K->13695K(13696K), 0.0713204 secs] 19839K->19837K(19840K), [Metaspace: 3886K->3886K(1056768K)], 0.0714250 secs] [Times: user=0.07 sys=0.01, real=0.08 secs] 
[Full GC (Allocation Failure) [CMS: 13695K->13695K(13696K), 0.0536415 secs] 19839K->19837K(19840K), [Metaspace: 3886K->3886K(1056768K)], 0.0537690 secs] [Times: user=0.05 sys=0.00, real=0.05 secs] 
[GC (CMS Initial Mark) [1 CMS-initial-mark: 13695K(13696K)] 19837K(19840K), 0.0056121 secs] [Times: user=0.01 sys=0.00, real=0.01 secs] 
[CMS-concurrent-mark-start]
[Full GC (Allocation Failure) [CMS[CMS-concurrent-mark: 0.017/0.017 secs] [Times: user=0.02 sys=0.00, real=0.02 secs] 
 (concurrent mode failure): 13695K->13695K(13696K), 0.0714030 secs] 19839K->19837K(19840K), [Metaspace: 3886K->3886K(1056768K)], 0.0715321 secs] [Times: user=0.07 sys=0.00, real=0.07 secs] 
[Full GC (Allocation Failure) [CMS: 13695K->13695K(13696K), 0.0527347 secs] 19839K->19837K(19840K), [Metaspace: 3886K->3886K(1056768K)], 0.0528350 secs] [Times: user=0.05 sys=0.00, real=0.05 secs] 
[GC (CMS Initial Mark) [1 CMS-initial-mark: 13695K(13696K)] 19837K(19840K), 0.0057372 secs] [Times: user=0.01 sys=0.00, real=0.00 secs] 
[CMS-concurrent-mark-start]
[Full GC (Allocation Failure) [CMS[CMS-concurrent-mark: 0.017/0.018 secs] [Times: user=0.02 sys=0.01, real=0.02 secs] 
 (concurrent mode failure): 13695K->13695K(13696K), 0.0697031 secs] 19839K->19837K(19840K), [Metaspace: 3886K->3886K(1056768K)], 0.0697881 secs] [Times: user=0.07 sys=0.00, real=0.07 secs] 
[Full GC (Allocation Failure) [CMS: 13695K->13695K(13696K), 0.0536020 secs] 19839K->19837K(19840K), [Metaspace: 3886K->3886K(1056768K)], 0.0537067 secs] [Times: user=0.06 sys=0.00, real=0.05 secs] 
[GC (CMS Initial Mark) [1 CMS-initial-mark: 13695K(13696K)] 19837K(19840K), 0.0069884 secs] [Times: user=0.00 sys=0.00, real=0.01 secs] 
[CMS-concurrent-mark-start]
[Full GC (Allocation Failure) [CMS[CMS-concurrent-mark: 0.017/0.017 secs] [Times: user=0.02 sys=0.00, real=0.02 secs] 
 (concurrent mode failure): 13695K->13695K(13696K), 0.0709758 secs] 19839K->19837K(19840K), [Metaspace: 3886K->3886K(1056768K)], 0.0710780 secs] [Times: user=0.07 sys=0.00, real=0.08 secs] 
[Full GC (Allocation Failure) [CMS: 13695K->13695K(13696K), 0.0528026 secs] 19839K->19837K(19840K), [Metaspace: 3886K->3886K(1056768K)], 0.0528989 secs] [Times: user=0.05 sys=0.00, real=0.05 secs] 
[GC (CMS Initial Mark) [1 CMS-initial-mark: 13695K(13696K)] 19837K(19840K), 0.0060157 secs] [Times: user=0.01 sys=0.00, real=0.01 secs] 
[CMS-concurrent-mark-start]
[Full GC (Allocation Failure) [CMS[CMS-concurrent-mark: 0.017/0.018 secs] [Times: user=0.02 sys=0.00, real=0.02 secs] 
 (concurrent mode failure): 13695K->13695K(13696K), 0.0713440 secs] 19839K->19837K(19840K), [Metaspace: 3886K->3886K(1056768K)], 0.0714365 secs] [Times: user=0.07 sys=0.00, real=0.07 secs] 
[Full GC (Allocation Failure) [CMS: 13695K->13695K(13696K), 0.0522211 secs] 19839K->19837K(19840K), [Metaspace: 3886K->3886K(1056768K)], 0.0523183 secs] [Times: user=0.05 sys=0.00, real=0.06 secs] 
[GC (CMS Initial Mark) [1 CMS-initial-mark: 13695K(13696K)] 19837K(19840K), 0.0056602 secs] [Times: user=0.00 sys=0.00, real=0.00 secs] 
[CMS-concurrent-mark-start]
[Full GC (Allocation Failure) [CMS[CMS-concurrent-mark: 0.015/0.016 secs] [Times: user=0.02 sys=0.00, real=0.02 secs] 
 (concurrent mode failure): 13695K->13695K(13696K), 0.0700573 secs] 19839K->19837K(19840K), [Metaspace: 3886K->3886K(1056768K)], 0.0701669 secs] [Times: user=0.07 sys=0.00, real=0.07 secs] 
[Full GC (Allocation Failure) [CMS: 13695K->13695K(13696K), 0.0524165 secs] 19839K->19837K(19840K), [Metaspace: 3886K->3886K(1056768K)], 0.0525424 secs] [Times: user=0.05 sys=0.00, real=0.05 secs] 
[GC (CMS Initial Mark) [1 CMS-initial-mark: 13695K(13696K)] 19837K(19840K), 0.0060991 secs] [Times: user=0.01 sys=0.00, real=0.01 secs] 
[CMS-concurrent-mark-start]
[CMS-concurrent-mark: 0.017/0.017 secs] [Times: user=0.01 sys=0.00, real=0.01 secs] 
[CMS-concurrent-preclean-start]
[CMS-concurrent-preclean: 0.016/0.016 secs] [Times: user=0.02 sys=0.00, real=0.02 secs] 
[CMS-concurrent-abortable-preclean-start]
[CMS-concurrent-abortable-preclean: 0.000/0.000 secs] [Times: user=0.00 sys=0.00, real=0.00 secs] 
[GC (CMS Final Remark) [YG occupancy: 6142 K (6144 K)][Rescan (parallel) , 0.0082839 secs][weak refs processing, 0.0000159 secs][class unloading, 0.0006347 secs][scrub symbol table, 0.0004935 secs][scrub string table, 0.0002269 secs][1 CMS-remark: 13695K(13696K)] 19838K(19840K), 0.0098507 secs] [Times: user=0.02 sys=0.00, real=0.01 secs] 
[CMS-concurrent-sweep-start]
[Full GC (Allocation Failure) [CMS[CMS-concurrent-sweep: 0.007/0.007 secs] [Times: user=0.01 sys=0.00, real=0.01 secs] 
